Component: ARM Compiler 5.06 update 4 (build 422) Tool: armlink [4d35d2]

==============================================================================

Section Cross References

    startup_lpc43xx.o(RESET) refers to startup_lpc43xx.o(STACK) for __initial_sp
    startup_lpc43xx.o(RESET) refers to startup_lpc43xx.o(.text) for Reset_Handler
    startup_lpc43xx.o(RESET) refers to port.o(.emb_text) for SVC_Handler
    startup_lpc43xx.o(RESET) refers to port.o(i.SysTick_Handler) for SysTick_Handler
    startup_lpc43xx.o(.text) refers to system_lpc43xx.o(i.SystemInit) for SystemInit
    startup_lpc43xx.o(.text) refers to entry.o(.ARM.Collect$$$$00000000) for __main
    system_lpc43xx.o(i.GetClockFreq) refers to system_lpc43xx.o(i.GetPLL1Param) for GetPLL1Param
    system_lpc43xx.o(i.GetClockFreq) refers to system_lpc43xx.o(i.GetClkSel) for GetClkSel
    system_lpc43xx.o(i.SystemCoreClockUpdate) refers to system_lpc43xx.o(i.GetClockFreq) for GetClockFreq
    system_lpc43xx.o(i.SystemCoreClockUpdate) refers to system_lpc43xx.o(.data) for SystemCoreClock
    system_lpc43xx.o(i.SystemInit) refers to system_lpc43xx.o(i.SetClock) for SetClock
    system_lpc43xx.o(i.SystemInit) refers to system_lpc43xx.o(i.SystemCoreClockUpdate) for SystemCoreClockUpdate
    system_lpc43xx.o(i.SystemInit) refers to system_lpc43xx.o(i.SystemInit_ExtMemCtl) for SystemInit_ExtMemCtl
    system_lpc43xx.o(i.SystemInit) refers to startup_lpc43xx.o(RESET) for __Vectors
    system_lpc43xx.o(i.SystemInit_ExtMemCtl) refers to system_lpc43xx.o(.constdata) for emcdivby2_opc
    event_groups.o(i.vEventGroupClearBitsCallback) refers to event_groups.o(i.xEventGroupClearBits) for xEventGroupClearBits
    event_groups.o(i.vEventGroupDelete) refers to tasks.o(i.vTaskSuspendAll) for vTaskSuspendAll
    event_groups.o(i.vEventGroupDelete) refers to tasks.o(i.vTaskRemoveFromUnorderedEventList) for vTaskRemoveFromUnorderedEventList
    event_groups.o(i.vEventGroupDelete) refers to heap_2.o(i.vPortFree) for vPortFree
    event_groups.o(i.vEventGroupDelete) refers to tasks.o(i.xTaskResumeAll) for xTaskResumeAll
    event_groups.o(i.vEventGroupSetBitsCallback) refers to event_groups.o(i.xEventGroupSetBits) for xEventGroupSetBits
    event_groups.o(i.xEventGroupClearBits) refers to port.o(i.vPortEnterCritical) for vPortEnterCritical
    event_groups.o(i.xEventGroupClearBits) refers to port.o(i.vPortExitCritical) for vPortExitCritical
    event_groups.o(i.xEventGroupCreate) refers to heap_2.o(i.pvPortMalloc) for pvPortMalloc
    event_groups.o(i.xEventGroupCreate) refers to list.o(i.vListInitialise) for vListInitialise
    event_groups.o(i.xEventGroupSetBits) refers to tasks.o(i.vTaskSuspendAll) for vTaskSuspendAll
    event_groups.o(i.xEventGroupSetBits) refers to tasks.o(i.vTaskRemoveFromUnorderedEventList) for vTaskRemoveFromUnorderedEventList
    event_groups.o(i.xEventGroupSetBits) refers to tasks.o(i.xTaskResumeAll) for xTaskResumeAll
    event_groups.o(i.xEventGroupSync) refers to tasks.o(i.xTaskGetSchedulerState) for xTaskGetSchedulerState
    event_groups.o(i.xEventGroupSync) refers to tasks.o(i.vTaskSuspendAll) for vTaskSuspendAll
    event_groups.o(i.xEventGroupSync) refers to event_groups.o(i.xEventGroupSetBits) for xEventGroupSetBits
    event_groups.o(i.xEventGroupSync) refers to tasks.o(i.vTaskPlaceOnUnorderedEventList) for vTaskPlaceOnUnorderedEventList
    event_groups.o(i.xEventGroupSync) refers to tasks.o(i.xTaskResumeAll) for xTaskResumeAll
    event_groups.o(i.xEventGroupSync) refers to tasks.o(i.uxTaskResetEventItemValue) for uxTaskResetEventItemValue
    event_groups.o(i.xEventGroupSync) refers to port.o(i.vPortEnterCritical) for vPortEnterCritical
    event_groups.o(i.xEventGroupSync) refers to port.o(i.vPortExitCritical) for vPortExitCritical
    event_groups.o(i.xEventGroupWaitBits) refers to tasks.o(i.xTaskGetSchedulerState) for xTaskGetSchedulerState
    event_groups.o(i.xEventGroupWaitBits) refers to tasks.o(i.vTaskSuspendAll) for vTaskSuspendAll
    event_groups.o(i.xEventGroupWaitBits) refers to event_groups.o(i.prvTestWaitCondition) for prvTestWaitCondition
    event_groups.o(i.xEventGroupWaitBits) refers to tasks.o(i.vTaskPlaceOnUnorderedEventList) for vTaskPlaceOnUnorderedEventList
    event_groups.o(i.xEventGroupWaitBits) refers to tasks.o(i.xTaskResumeAll) for xTaskResumeAll
    event_groups.o(i.xEventGroupWaitBits) refers to tasks.o(i.uxTaskResetEventItemValue) for uxTaskResetEventItemValue
    event_groups.o(i.xEventGroupWaitBits) refers to port.o(i.vPortEnterCritical) for vPortEnterCritical
    event_groups.o(i.xEventGroupWaitBits) refers to port.o(i.vPortExitCritical) for vPortExitCritical
    heap_2.o(i.prvHeapInit) refers to heap_2.o(.bss) for ucHeap
    heap_2.o(i.prvHeapInit) refers to heap_2.o(.data) for xStart
    heap_2.o(i.pvPortMalloc) refers to tasks.o(i.vTaskSuspendAll) for vTaskSuspendAll
    heap_2.o(i.pvPortMalloc) refers to heap_2.o(i.prvHeapInit) for prvHeapInit
[...]
    queue.o(i.xQueueGenericSend) refers to tasks.o(i.vTaskSuspendAll) for vTaskSuspendAll
    queue.o(i.xQueueGenericSend) refers to tasks.o(i.xTaskCheckForTimeOut) for xTaskCheckForTimeOut
    queue.o(i.xQueueGenericSend) refers to queue.o(i.prvIsQueueFull) for prvIsQueueFull
    queue.o(i.xQueueGenericSend) refers to tasks.o(i.vTaskPlaceOnEventList) for vTaskPlaceOnEventList
    queue.o(i.xQueueGenericSend) refers to queue.o(i.prvUnlockQueue) for prvUnlockQueue
    queue.o(i.xQueueGenericSend) refers to tasks.o(i.xTaskResumeAll) for xTaskResumeAll
    queue.o(i.xQueueGenericSendFromISR) refers to port.o(i.vPortValidateInterruptPriority) for vPortValidateInterruptPriority
    queue.o(i.xQueueGenericSendFromISR) refers to queue.o(i.prvCopyDataToQueue) for prvCopyDataToQueue
    queue.o(i.xQueueGenericSendFromISR) refers to tasks.o(i.xTaskRemoveFromEventList) for xTaskRemoveFromEventList
    queue.o(i.xQueueGiveFromISR) refers to port.o(i.vPortValidateInterruptPriority) for vPortValidateInterruptPriority
    queue.o(i.xQueueGiveFromISR) refers to tasks.o(i.xTaskRemoveFromEventList) for xTaskRemoveFromEventList
    queue.o(i.xQueueGiveMutexRecursive) refers to tasks.o(i.xTaskGetCurrentTaskHandle) for xTaskGetCurrentTaskHandle
    queue.o(i.xQueueGiveMutexRecursive) refers to queue.o(i.xQueueGenericSend) for xQueueGenericSend
    queue.o(i.xQueuePeek) refers to tasks.o(i.xTaskGetSchedulerState) for xTaskGetSchedulerState
    queue.o(i.xQueuePeek) refers to port.o(i.vPortEnterCritical) for vPortEnterCritical
    queue.o(i.xQueuePeek) refers to queue.o(i.prvCopyDataFromQueue) for prvCopyDataFromQueue
    queue.o(i.xQueuePeek) refers to tasks.o(i.xTaskRemoveFromEventList) for xTaskRemoveFromEventList
    queue.o(i.xQueuePeek) refers to port.o(i.vPortExitCritical) for vPortExitCritical
    queue.o(i.xQueuePeek) refers to tasks.o(i.vTaskInternalSetTimeOutState) for vTaskInternalSetTimeOutState
    queue.o(i.xQueuePeek) refers to tasks.o(i.vTaskSuspendAll) for vTaskSuspendAll
    queue.o(i.xQueuePeek) refers to tasks.o(i.xTaskCheckForTimeOut) for xTaskCheckForTimeOut
    queue.o(i.xQueuePeek) refers to queue.o(i.prvIsQueueEmpty) for prvIsQueueEmpty
    queue.o(i.xQueuePeek) refers to tasks.o(i.vTaskPlaceOnEventList) for vTaskPlaceOnEventList
    queue.o(i.xQueuePeek) refers to queue.o(i.prvUnlockQueue) for prvUnlockQueue
    queue.o(i.xQueuePeek) refers to tasks.o(i.xTaskResumeAll) for xTaskResumeAll
    queue.o(i.xQueuePeekFromISR) refers to port.o(i.vPortValidateInterruptPriority) for vPortValidateInterruptPriority
    queue.o(i.xQueuePeekFromISR) refers to queue.o(i.prvCopyDataFromQueue) for prvCopyDataFromQueue
    queue.o(i.xQueueReceive) refers to tasks.o(i.xTaskGetSchedulerState) for xTaskGetSchedulerState
    queue.o(i.xQueueReceive) refers to port.o(i.vPortEnterCritical) for vPortEnterCritical
    queue.o(i.xQueueReceive) refers to queue.o(i.prvCopyDataFromQueue) for prvCopyDataFromQueue
    queue.o(i.xQueueReceive) refers to tasks.o(i.xTaskRemoveFromEventList) for xTaskRemoveFromEventList
    queue.o(i.xQueueReceive) refers to port.o(i.vPortExitCritical) for vPortExitCritical
    queue.o(i.xQueueReceive) refers to tasks.o(i.vTaskInternalSetTimeOutState) for vTaskInternalSetTimeOutState
    queue.o(i.xQueueReceive) refers to tasks.o(i.vTaskSuspendAll) for vTaskSuspendAll
    queue.o(i.xQueueReceive) refers to tasks.o(i.xTaskCheckForTimeOut) for xTaskCheckForTimeOut
    queue.o(i.xQueueReceive) refers to queue.o(i.prvIsQueueEmpty) for prvIsQueueEmpty
    queue.o(i.xQueueReceive) refers to tasks.o(i.vTaskPlaceOnEventList) for vTaskPlaceOnEventList
    queue.o(i.xQueueReceive) refers to queue.o(i.prvUnlockQueue) for prvUnlockQueue
    queue.o(i.xQueueReceive) refers to tasks.o(i.xTaskResumeAll) for xTaskResumeAll
    queue.o(i.xQueueReceiveFromISR) refers to port.o(i.vPortValidateInterruptPriority) for vPortValidateInterruptPriority
    queue.o(i.xQueueReceiveFromISR) refers to queue.o(i.prvCopyDataFromQueue) for prvCopyDataFromQueue
    queue.o(i.xQueueReceiveFromISR) refers to tasks.o(i.xTaskRemoveFromEventList) for xTaskRemoveFromEventList
    queue.o(i.xQueueSemaphoreTake) refers to tasks.o(i.xTaskGetSchedulerState) for xTaskGetSchedulerState
    queue.o(i.xQueueSemaphoreTake) refers to port.o(i.vPortEnterCritical) for vPortEnterCritical
    queue.o(i.xQueueSemaphoreTake) refers to tasks.o(i.pvTaskIncrementMutexHeldCount) for pvTaskIncrementMutexHeldCount
    queue.o(i.xQueueSemaphoreTake) refers to tasks.o(i.xTaskRemoveFromEventList) for xTaskRemoveFromEventList
    queue.o(i.xQueueSemaphoreTake) refers to port.o(i.vPortExitCritical) for vPortExitCritical
    queue.o(i.xQueueSemaphoreTake) refers to tasks.o(i.vTaskInternalSetTimeOutState) for vTaskInternalSetTimeOutState
    queue.o(i.xQueueSemaphoreTake) refers to tasks.o(i.vTaskSuspendAll) for vTaskSuspendAll
    queue.o(i.xQueueSemaphoreTake) refers to tasks.o(i.xTaskCheckForTimeOut) for xTaskCheckForTimeOut
    queue.o(i.xQueueSemaphoreTake) refers to queue.o(i.prvIsQueueEmpty) for prvIsQueueEmpty
    queue.o(i.xQueueSemaphoreTake) refers to tasks.o(i.xTaskPriorityInherit) for xTaskPriorityInherit
    queue.o(i.xQueueSemaphoreTake) refers to tasks.o(i.vTaskPlaceOnEventList) for vTaskPlaceOnEventList
    queue.o(i.xQueueSemaphoreTake) refers to queue.o(i.prvUnlockQueue) for prvUnlockQueue
    queue.o(i.xQueueSemaphoreTake) refers to tasks.o(i.xTaskResumeAll) for xTaskResumeAll
    queue.o(i.xQueueSemaphoreTake) refers to queue.o(i.prvGetDisinheritPriorityAfterTimeout) for prvGetDisinheritPriorityAfterTimeout
    queue.o(i.xQueueSemaphoreTake) refers to tasks.o(i.vTaskPriorityDisinheritAfterTimeout) for vTaskPriorityDisinheritAfterTimeout
    queue.o(i.xQueueTakeMutexRecursive) refers to tasks.o(i.xTaskGetCurrentTaskHandle) for xTaskGetCurrentTaskHandle
    queue.o(i.xQueueTakeMutexRecursive) refers to queue.o(i.xQueueSemaphoreTake) for xQueueSemaphoreTake
    tasks.o(i.pcTaskGetName) refers to tasks.o(.data) for pxCurrentTCB
    tasks.o(i.prvAddCurrentTaskToDelayedList) refers to list.o(i.uxListRemove) for uxListRemove
    tasks.o(i.prvAddCurrentTaskToDelayedList) refers to list.o(i.vListInsertEnd) for vListInsertEnd
    tasks.o(i.prvAddCurrentTaskToDelayedList) refers to list.o(i.vListInsert) for vListInsert
    tasks.o(i.prvAddCurrentTaskToDelayedList) refers to tasks.o(.data) for xTickCount
    tasks.o(i.prvAddCurrentTaskToDelayedList) refers to tasks.o(.bss) for xSuspendedTaskList
    tasks.o(i.prvAddNewTaskToReadyList) refers to port.o(i.vPortEnterCritical) for vPortEnterCritical
    tasks.o(i.prvAddNewTaskToReadyList) refers to tasks.o(i.prvInitialiseTaskLists) for prvInitialiseTaskLists
    tasks.o(i.prvAddNewTaskToReadyList) refers to list.o(i.vListInsertEnd) for vListInsertEnd
    tasks.o(i.prvAddNewTaskToReadyList) refers to port.o(i.vPortExitCritical) for vPortExitCritical
    tasks.o(i.prvAddNewTaskToReadyList) refers to tasks.o(.data) for uxCurrentNumberOfTasks
    tasks.o(i.prvAddNewTaskToReadyList) refers to tasks.o(.bss) for pxReadyTasksLists
    tasks.o(i.prvCheckTasksWaitingTermination) refers to port.o(i.vPortEnterCritical) for vPortEnterCritical
    tasks.o(i.prvCheckTasksWaitingTermination) refers to list.o(i.uxListRemove) for uxListRemove
    tasks.o(i.prvCheckTasksWaitingTermination) refers to port.o(i.vPortExitCritical) for vPortExitCritical
    tasks.o(i.prvCheckTasksWaitingTermination) refers to tasks.o(i.prvDeleteTCB) for prvDeleteTCB
    tasks.o(i.prvCheckTasksWaitingTermination) refers to tasks.o(.bss) for xTasksWaitingTermination
    tasks.o(i.prvCheckTasksWaitingTermination) refers to tasks.o(.data) for uxCurrentNumberOfTasks
    tasks.o(i.prvDeleteTCB) refers to heap_2.o(i.vPortFree) for vPortFree
    tasks.o(i.prvIdleTask) refers to tasks.o(i.prvCheckTasksWaitingTermination) for prvCheckTasksWaitingTermination
    tasks.o(i.prvIdleTask) refers to tasks.o(.bss) for pxReadyTasksLists
    tasks.o(i.prvInitialiseNewTask) refers to list.o(i.vListInitialiseItem) for vListInitialiseItem
    tasks.o(i.prvInitialiseNewTask) refers to port.o(i.pxPortInitialiseStack) for pxPortInitialiseStack
    tasks.o(i.prvInitialiseTaskLists) refers to list.o(i.vListInitialise) for vListInitialise
    tasks.o(i.prvInitialiseTaskLists) refers to tasks.o(.bss) for pxReadyTasksLists
    tasks.o(i.prvInitialiseTaskLists) refers to tasks.o(.data) for pxDelayedTaskList
    tasks.o(i.prvResetNextTaskUnblockTime) refers to tasks.o(.data) for pxDelayedTaskList
    tasks.o(i.prvTaskIsTaskSuspended) refers to tasks.o(.bss) for xSuspendedTaskList
    tasks.o(i.pvTaskIncrementMutexHeldCount) refers to tasks.o(.data) for pxCurrentTCB
    tasks.o(i.ulTaskNotifyTake) refers to port.o(i.vPortEnterCritical) for vPortEnterCritical
    tasks.o(i.ulTaskNotifyTake) refers to tasks.o(i.prvAddCurrentTaskToDelayedList) for prvAddCurrentTaskToDelayedList
    tasks.o(i.ulTaskNotifyTake) refers to port.o(i.vPortExitCritical) for vPortExitCritical
    tasks.o(i.ulTaskNotifyTake) refers to tasks.o(.data) for pxCurrentTCB
    tasks.o(i.uxTaskGetNumberOfTasks) refers to tasks.o(.data) for uxCurrentNumberOfTasks
    tasks.o(i.uxTaskPriorityGet) refers to port.o(i.vPortEnterCritical) for vPortEnterCritical
    tasks.o(i.uxTaskPriorityGet) refers to port.o(i.vPortExitCritical) for vPortExitCritical
    tasks.o(i.uxTaskPriorityGet) refers to tasks.o(.data) for pxCurrentTCB
    tasks.o(i.uxTaskPriorityGetFromISR) refers to port.o(i.vPortValidateInterruptPriority) for vPortValidateInterruptPriority
    tasks.o(i.uxTaskPriorityGetFromISR) refers to tasks.o(.data) for pxCurrentTCB
    tasks.o(i.uxTaskResetEventItemValue) refers to tasks.o(.data) for pxCurrentTCB
    tasks.o(i.vTaskDelay) refers to tasks.o(i.vTaskSuspendAll) for vTaskSuspendAll
    tasks.o(i.vTaskDelay) refers to tasks.o(i.prvAddCurrentTaskToDelayedList) for prvAddCurrentTaskToDelayedList
    tasks.o(i.vTaskDelay) refers to tasks.o(i.xTaskResumeAll) for xTaskResumeAll
    tasks.o(i.vTaskDelay) refers to tasks.o(.data) for uxSchedulerSuspended
    tasks.o(i.vTaskDelayUntil) refers to tasks.o(i.vTaskSuspendAll) for vTaskSuspendAll
    tasks.o(i.vTaskDelayUntil) refers to tasks.o(i.prvAddCurrentTaskToDelayedList) for prvAddCurrentTaskToDelayedList
    tasks.o(i.vTaskDelayUntil) refers to tasks.o(i.xTaskResumeAll) for xTaskResumeAll
    tasks.o(i.vTaskDelayUntil) refers to tasks.o(.data) for uxSchedulerSuspended
    tasks.o(i.vTaskDelete) refers to port.o(i.vPortEnterCritical) for vPortEnterCritical
    tasks.o(i.vTaskDelete) refers to list.o(i.uxListRemove) for uxListRemove
    tasks.o(i.vTaskDelete) refers to list.o(i.vListInsertEnd) for vListInsertEnd
    tasks.o(i.vTaskDelete) refers to tasks.o(i.prvDeleteTCB) for prvDeleteTCB
    tasks.o(i.vTaskDelete) refers to tasks.o(i.prvResetNextTaskUnblockTime) for prvResetNextTaskUnblockTime
    tasks.o(i.vTaskDelete) refers to port.o(i.vPortExitCritical) for vPortExitCritical
    tasks.o(i.vTaskDelete) refers to tasks.o(.data) for pxCurrentTCB
    tasks.o(i.vTaskDelete) refers to tasks.o(.bss) for pxReadyTasksLists
    tasks.o(i.vTaskEndScheduler) refers to port.o(i.vPortEndScheduler) for vPortEndScheduler
    tasks.o(i.vTaskEndScheduler) refers to tasks.o(.data) for xSchedulerRunning
    tasks.o(i.vTaskInternalSetTimeOutState) refers to tasks.o(.data) for xNumOfOverflows
    tasks.o(i.vTaskMissedYield) refers to tasks.o(.data) for xYieldPending
    tasks.o(i.vTaskNotifyGiveFromISR) refers to port.o(i.vPortValidateInterruptPriority) for vPortValidateInterruptPriority
    tasks.o(i.vTaskNotifyGiveFromISR) refers to list.o(i.uxListRemove) for uxListRemove
    tasks.o(i.vTaskNotifyGiveFromISR) refers to list.o(i.vListInsertEnd) for vListInsertEnd
    tasks.o(i.vTaskNotifyGiveFromISR) refers to tasks.o(.data) for uxSchedulerSuspended
    tasks.o(i.vTaskNotifyGiveFromISR) refers to tasks.o(.bss) for pxReadyTasksLists
    tasks.o(i.vTaskPlaceOnEventList) refers to list.o(i.vListInsert) for vListInsert
    tasks.o(i.vTaskPlaceOnEventList) refers to tasks.o(i.prvAddCurrentTaskToDelayedList) for prvAddCurrentTaskToDelayedList
    tasks.o(i.vTaskPlaceOnEventList) refers to tasks.o(.data) for pxCurrentTCB
    tasks.o(i.vTaskPlaceOnEventListRestricted) refers to list.o(i.vListInsertEnd) for vListInsertEnd
    tasks.o(i.vTaskPlaceOnEventListRestricted) refers to tasks.o(i.prvAddCurrentTaskToDelayedList) for prvAddCurrentTaskToDelayedList
    tasks.o(i.vTaskPlaceOnEventListRestricted) refers to tasks.o(.data) for pxCurrentTCB
    tasks.o(i.vTaskPlaceOnUnorderedEventList) refers to list.o(i.vListInsertEnd) for vListInsertEnd
    tasks.o(i.vTaskPlaceOnUnorderedEventList) refers to tasks.o(i.prvAddCurrentTaskToDelayedList) for prvAddCurrentTaskToDelayedList
    tasks.o(i.vTaskPlaceOnUnorderedEventList) refers to tasks.o(.data) for uxSchedulerSuspended
    tasks.o(i.vTaskPriorityDisinheritAfterTimeout) refers to list.o(i.uxListRemove) for uxListRemove
    tasks.o(i.vTaskPriorityDisinheritAfterTimeout) refers to list.o(i.vListInsertEnd) for vListInsertEnd
    tasks.o(i.vTaskPriorityDisinheritAfterTimeout) refers to tasks.o(.data) for pxCurrentTCB
    tasks.o(i.vTaskPriorityDisinheritAfterTimeout) refers to tasks.o(.bss) for pxReadyTasksLists
    tasks.o(i.vTaskPrioritySet) refers to port.o(i.vPortEnterCritical) for vPortEnterCritical
    tasks.o(i.vTaskPrioritySet) refers to list.o(i.uxListRemove) for uxListRemove
    tasks.o(i.vTaskPrioritySet) refers to list.o(i.vListInsertEnd) for vListInsertEnd
    tasks.o(i.vTaskPrioritySet) refers to port.o(i.vPortExitCritical) for vPortExitCritical
    tasks.o(i.vTaskPrioritySet) refers to tasks.o(.data) for pxCurrentTCB
    tasks.o(i.vTaskPrioritySet) refers to tasks.o(.bss) for pxReadyTasksLists
    tasks.o(i.vTaskRemoveFromUnorderedEventList) refers to list.o(i.uxListRemove) for uxListRemove
    tasks.o(i.vTaskRemoveFromUnorderedEventList) refers to list.o(i.vListInsertEnd) for vListInsertEnd
    tasks.o(i.vTaskRemoveFromUnorderedEventList) refers to tasks.o(.data) for uxSchedulerSuspended
    tasks.o(i.vTaskRemoveFromUnorderedEventList) refers to tasks.o(.bss) for pxReadyTasksLists
    tasks.o(i.vTaskResume) refers to port.o(i.vPortEnterCritical) for vPortEnterCritical
    tasks.o(i.vTaskResume) refers to tasks.o(i.prvTaskIsTaskSuspended) for prvTaskIsTaskSuspended
    tasks.o(i.vTaskResume) refers to list.o(i.uxListRemove) for uxListRemove
    tasks.o(i.vTaskResume) refers to list.o(i.vListInsertEnd) for vListInsertEnd
    tasks.o(i.vTaskResume) refers to port.o(i.vPortExitCritical) for vPortExitCritical
    tasks.o(i.vTaskResume) refers to tasks.o(.data) for pxCurrentTCB
    tasks.o(i.vTaskResume) refers to tasks.o(.bss) for pxReadyTasksLists
    tasks.o(i.vTaskSetTimeOutState) refers to port.o(i.vPortEnterCritical) for vPortEnterCritical
    tasks.o(i.vTaskSetTimeOutState) refers to port.o(i.vPortExitCritical) for vPortExitCritical
    tasks.o(i.vTaskSetTimeOutState) refers to tasks.o(.data) for xNumOfOverflows
    tasks.o(i.vTaskStartScheduler) refers to tasks.o(i.xTaskCreate) for xTaskCreate
    tasks.o(i.vTaskStartScheduler) refers to timers.o(i.xTimerCreateTimerTask) for xTimerCreateTimerTask
    tasks.o(i.vTaskStartScheduler) refers to port.o(i.xPortStartScheduler) for xPortStartScheduler
    tasks.o(i.vTaskStartScheduler) refers to tasks.o(.data) for xIdleTaskHandle
    tasks.o(i.vTaskStartScheduler) refers to tasks.o(i.prvIdleTask) for prvIdleTask
    tasks.o(i.vTaskSuspend) refers to port.o(i.vPortEnterCritical) for vPortEnterCritical
    tasks.o(i.vTaskSuspend) refers to list.o(i.uxListRemove) for uxListRemove
    tasks.o(i.vTaskSuspend) refers to list.o(i.vListInsertEnd) for vListInsertEnd
    tasks.o(i.vTaskSuspend) refers to port.o(i.vPortExitCritical) for vPortExitCritical
    tasks.o(i.vTaskSuspend) refers to tasks.o(i.prvResetNextTaskUnblockTime) for prvResetNextTaskUnblockTime
    tasks.o(i.vTaskSuspend) refers to tasks.o(i.vTaskSwitchContext) for vTaskSwitchContext
    tasks.o(i.vTaskSuspend) refers to tasks.o(.data) for pxCurrentTCB
    tasks.o(i.vTaskSuspend) refers to tasks.o(.bss) for pxReadyTasksLists
    tasks.o(i.vTaskSuspendAll) refers to tasks.o(.data) for uxSchedulerSuspended
    tasks.o(i.vTaskSwitchContext) refers to tasks.o(.data) for uxSchedulerSuspended
    tasks.o(i.vTaskSwitchContext) refers to tasks.o(.bss) for pxReadyTasksLists
    tasks.o(i.xTaskCheckForTimeOut) refers to port.o(i.vPortEnterCritical) for vPortEnterCritical
    tasks.o(i.xTaskCheckForTimeOut) refers to tasks.o(i.vTaskInternalSetTimeOutState) for vTaskInternalSetTimeOutState
    tasks.o(i.xTaskCheckForTimeOut) refers to port.o(i.vPortExitCritical) for vPortExitCritical
    tasks.o(i.xTaskCheckForTimeOut) refers to tasks.o(.data) for xTickCount
    tasks.o(i.xTaskCreate) refers to heap_2.o(i.pvPortMalloc) for pvPortMalloc
    tasks.o(i.xTaskCreate) refers to heap_2.o(i.vPortFree) for vPortFree
    tasks.o(i.xTaskCreate) refers to tasks.o(i.prvInitialiseNewTask) for prvInitialiseNewTask
    tasks.o(i.xTaskCreate) refers to tasks.o(i.prvAddNewTaskToReadyList) for prvAddNewTaskToReadyList
    tasks.o(i.xTaskGenericNotify) refers to port.o(i.vPortEnterCritical) for vPortEnterCritical
    tasks.o(i.xTaskGenericNotify) refers to list.o(i.uxListRemove) for uxListRemove
    tasks.o(i.xTaskGenericNotify) refers to list.o(i.vListInsertEnd) for vListInsertEnd
    tasks.o(i.xTaskGenericNotify) refers to port.o(i.vPortExitCritical) for vPortExitCritical
    tasks.o(i.xTaskGenericNotify) refers to tasks.o(.data) for uxTopReadyPriority
    tasks.o(i.xTaskGenericNotify) refers to tasks.o(.bss) for pxReadyTasksLists
    tasks.o(i.xTaskGenericNotifyFromISR) refers to port.o(i.vPortValidateInterruptPriority) for vPortValidateInterruptPriority
    tasks.o(i.xTaskGenericNotifyFromISR) refers to list.o(i.uxListRemove) for uxListRemove
    tasks.o(i.xTaskGenericNotifyFromISR) refers to list.o(i.vListInsertEnd) for vListInsertEnd
    tasks.o(i.xTaskGenericNotifyFromISR) refers to tasks.o(.data) for uxSchedulerSuspended
    tasks.o(i.xTaskGenericNotifyFromISR) refers to tasks.o(.bss) for pxReadyTasksLists
    tasks.o(i.xTaskGetCurrentTaskHandle) refers to tasks.o(.data) for pxCurrentTCB
    tasks.o(i.xTaskGetSchedulerState) refers to tasks.o(.data) for xSchedulerRunning
    tasks.o(i.xTaskGetTickCount) refers to tasks.o(.data) for xTickCount
    tasks.o(i.xTaskGetTickCountFromISR) refers to port.o(i.vPortValidateInterruptPriority) for vPortValidateInterruptPriority
    tasks.o(i.xTaskGetTickCountFromISR) refers to tasks.o(.data) for xTickCount
    tasks.o(i.xTaskIncrementTick) refers to tasks.o(i.prvResetNextTaskUnblockTime) for prvResetNextTaskUnblockTime
    tasks.o(i.xTaskIncrementTick) refers to list.o(i.uxListRemove) for uxListRemove
    tasks.o(i.xTaskIncrementTick) refers to list.o(i.vListInsertEnd) for vListInsertEnd
    tasks.o(i.xTaskIncrementTick) refers to tasks.o(.data) for uxSchedulerSuspended
    tasks.o(i.xTaskIncrementTick) refers to tasks.o(.bss) for pxReadyTasksLists
    tasks.o(i.xTaskNotifyStateClear) refers to port.o(i.vPortEnterCritical) for vPortEnterCritical
    tasks.o(i.xTaskNotifyStateClear) refers to port.o(i.vPortExitCritical) for vPortExitCritical
    tasks.o(i.xTaskNotifyStateClear) refers to tasks.o(.data) for pxCurrentTCB
    tasks.o(i.xTaskNotifyWait) refers to port.o(i.vPortEnterCritical) for vPortEnterCritical
    tasks.o(i.xTaskNotifyWait) refers to tasks.o(i.prvAddCurrentTaskToDelayedList) for prvAddCurrentTaskToDelayedList
    tasks.o(i.xTaskNotifyWait) refers to port.o(i.vPortExitCritical) for vPortExitCritical
    tasks.o(i.xTaskNotifyWait) refers to tasks.o(.data) for pxCurrentTCB
    tasks.o(i.xTaskPriorityDisinherit) refers to list.o(i.uxListRemove) for uxListRemove
    tasks.o(i.xTaskPriorityDisinherit) refers to list.o(i.vListInsertEnd) for vListInsertEnd
    tasks.o(i.xTaskPriorityDisinherit) refers to tasks.o(.data) for pxCurrentTCB
    tasks.o(i.xTaskPriorityDisinherit) refers to tasks.o(.bss) for pxReadyTasksLists
    tasks.o(i.xTaskPriorityInherit) refers to list.o(i.uxListRemove) for uxListRemove
    tasks.o(i.xTaskPriorityInherit) refers to list.o(i.vListInsertEnd) for vListInsertEnd
    tasks.o(i.xTaskPriorityInherit) refers to tasks.o(.data) for pxCurrentTCB
    tasks.o(i.xTaskPriorityInherit) refers to tasks.o(.bss) for pxReadyTasksLists
    tasks.o(i.xTaskRemoveFromEventList) refers to list.o(i.uxListRemove) for uxListRemove
    tasks.o(i.xTaskRemoveFromEventList) refers to list.o(i.vListInsertEnd) for vListInsertEnd
    tasks.o(i.xTaskRemoveFromEventList) refers to tasks.o(.data) for uxSchedulerSuspended
    tasks.o(i.xTaskRemoveFromEventList) refers to tasks.o(.bss) for pxReadyTasksLists
    tasks.o(i.xTaskResumeAll) refers to port.o(i.vPortEnterCritical) for vPortEnterCritical
    tasks.o(i.xTaskResumeAll) refers to list.o(i.uxListRemove) for uxListRemove
    tasks.o(i.xTaskResumeAll) refers to list.o(i.vListInsertEnd) for vListInsertEnd
    tasks.o(i.xTaskResumeAll) refers to tasks.o(i.prvResetNextTaskUnblockTime) for prvResetNextTaskUnblockTime
    tasks.o(i.xTaskResumeAll) refers to tasks.o(i.xTaskIncrementTick) for xTaskIncrementTick
    tasks.o(i.xTaskResumeAll) refers to port.o(i.vPortExitCritical) for vPortExitCritical
    tasks.o(i.xTaskResumeAll) refers to tasks.o(.data) for uxSchedulerSuspended
    tasks.o(i.xTaskResumeAll) refers to tasks.o(.bss) for xPendingReadyList
    tasks.o(i.xTaskResumeFromISR) refers to port.o(i.vPortValidateInterruptPriority) for vPortValidateInterruptPriority
    tasks.o(i.xTaskResumeFromISR) refers to tasks.o(i.prvTaskIsTaskSuspended) for prvTaskIsTaskSuspended
    tasks.o(i.xTaskResumeFromISR) refers to list.o(i.uxListRemove) for uxListRemove
    tasks.o(i.xTaskResumeFromISR) refers to list.o(i.vListInsertEnd) for vListInsertEnd
    tasks.o(i.xTaskResumeFromISR) refers to tasks.o(.data) for uxSchedulerSuspended
    tasks.o(i.xTaskResumeFromISR) refers to tasks.o(.bss) for pxReadyTasksLists
    timers.o(i.prvCheckForValidListAndQueue) refers to port.o(i.vPortEnterCritical) for vPortEnterCritical
    timers.o(i.prvCheckForValidListAndQueue) refers to list.o(i.vListInitialise) for vListInitialise
    timers.o(i.prvCheckForValidListAndQueue) refers to queue.o(i.xQueueGenericCreate) for xQueueGenericCreate
    timers.o(i.prvCheckForValidListAndQueue) refers to queue.o(i.vQueueAddToRegistry) for vQueueAddToRegistry
    timers.o(i.prvCheckForValidListAndQueue) refers to port.o(i.vPortExitCritical) for vPortExitCritical
    timers.o(i.prvCheckForValidListAndQueue) refers to timers.o(.data) for xTimerQueue
    timers.o(i.prvCheckForValidListAndQueue) refers to timers.o(.bss) for xActiveTimerList1
    timers.o(i.prvGetNextExpireTime) refers to timers.o(.data) for pxCurrentTimerList
    timers.o(i.prvInitialiseNewTimer) refers to timers.o(i.prvCheckForValidListAndQueue) for prvCheckForValidListAndQueue
    timers.o(i.prvInitialiseNewTimer) refers to list.o(i.vListInitialiseItem) for vListInitialiseItem
    timers.o(i.prvInsertTimerInActiveList) refers to list.o(i.vListInsert) for vListInsert
    timers.o(i.prvInsertTimerInActiveList) refers to timers.o(.data) for pxOverflowTimerList
    timers.o(i.prvProcessExpiredTimer) refers to list.o(i.uxListRemove) for uxListRemove
    timers.o(i.prvProcessExpiredTimer) refers to timers.o(i.prvInsertTimerInActiveList) for prvInsertTimerInActiveList
    timers.o(i.prvProcessExpiredTimer) refers to timers.o(i.xTimerGenericCommand) for xTimerGenericCommand
    timers.o(i.prvProcessExpiredTimer) refers to timers.o(.data) for pxCurrentTimerList
    timers.o(i.prvProcessReceivedCommands) refers to list.o(i.uxListRemove) for uxListRemove
    timers.o(i.prvProcessReceivedCommands) refers to timers.o(i.prvSampleTimeNow) for prvSampleTimeNow
    timers.o(i.prvProcessReceivedCommands) refers to timers.o(i.prvInsertTimerInActiveList) for prvInsertTimerInActiveList
    timers.o(i.prvProcessReceivedCommands) refers to timers.o(i.xTimerGenericCommand) for xTimerGenericCommand
    timers.o(i.prvProcessReceivedCommands) refers to heap_2.o(i.vPortFree) for vPortFree
    timers.o(i.prvProcessReceivedCommands) refers to queue.o(i.xQueueReceive) for xQueueReceive
    timers.o(i.prvProcessReceivedCommands) refers to timers.o(.data) for xTimerQueue
    timers.o(i.prvProcessTimerOrBlockTask) refers to tasks.o(i.vTaskSuspendAll) for vTaskSuspendAll
    timers.o(i.prvProcessTimerOrBlockTask) refers to timers.o(i.prvSampleTimeNow) for prvSampleTimeNow
    timers.o(i.prvProcessTimerOrBlockTask) refers to tasks.o(i.xTaskResumeAll) for xTaskResumeAll
    timers.o(i.prvProcessTimerOrBlockTask) refers to timers.o(i.prvProcessExpiredTimer) for prvProcessExpiredTimer
    timers.o(i.prvProcessTimerOrBlockTask) refers to queue.o(i.vQueueWaitForMessageRestricted) for vQueueWaitForMessageRestricted
    timers.o(i.prvProcessTimerOrBlockTask) refers to timers.o(.data) for pxOverflowTimerList
    timers.o(i.prvSampleTimeNow) refers to tasks.o(i.xTaskGetTickCount) for xTaskGetTickCount
    timers.o(i.prvSampleTimeNow) refers to timers.o(i.prvSwitchTimerLists) for prvSwitchTimerLists
    timers.o(i.prvSampleTimeNow) refers to timers.o(.data) for xLastTime
    timers.o(i.prvSwitchTimerLists) refers to list.o(i.uxListRemove) for uxListRemove
    timers.o(i.prvSwitchTimerLists) refers to list.o(i.vListInsert) for vListInsert
    timers.o(i.prvSwitchTimerLists) refers to timers.o(i.xTimerGenericCommand) for xTimerGenericCommand
    timers.o(i.prvSwitchTimerLists) refers to timers.o(.data) for pxCurrentTimerList
    timers.o(i.prvTimerTask) refers to timers.o(i.prvGetNextExpireTime) for prvGetNextExpireTime
    timers.o(i.prvTimerTask) refers to timers.o(i.prvProcessTimerOrBlockTask) for prvProcessTimerOrBlockTask
    timers.o(i.prvTimerTask) refers to timers.o(i.prvProcessReceivedCommands) for prvProcessReceivedCommands
    timers.o(i.pvTimerGetTimerID) refers to port.o(i.vPortEnterCritical) for vPortEnterCritical
    timers.o(i.pvTimerGetTimerID) refers to port.o(i.vPortExitCritical) for vPortExitCritical
    timers.o(i.vTimerSetTimerID) refers to port.o(i.vPortEnterCritical) for vPortEnterCritical
    timers.o(i.vTimerSetTimerID) refers to port.o(i.vPortExitCritical) for vPortExitCritical
    timers.o(i.xTimerCreate) refers to heap_2.o(i.pvPortMalloc) for pvPortMalloc
    timers.o(i.xTimerCreate) refers to timers.o(i.prvInitialiseNewTimer) for prvInitialiseNewTimer
    timers.o(i.xTimerCreateTimerTask) refers to timers.o(i.prvCheckForValidListAndQueue) for prvCheckForValidListAndQueue
    timers.o(i.xTimerCreateTimerTask) refers to tasks.o(i.xTaskCreate) for xTaskCreate
    timers.o(i.xTimerCreateTimerTask) refers to timers.o(.data) for xTimerQueue
    timers.o(i.xTimerCreateTimerTask) refers to timers.o(i.prvTimerTask) for prvTimerTask
    timers.o(i.xTimerGenericCommand) refers to tasks.o(i.xTaskGetSchedulerState) for xTaskGetSchedulerState
    timers.o(i.xTimerGenericCommand) refers to queue.o(i.xQueueGenericSend) for xQueueGenericSend
    timers.o(i.xTimerGenericCommand) refers to queue.o(i.xQueueGenericSendFromISR) for xQueueGenericSendFromISR
    timers.o(i.xTimerGenericCommand) refers to timers.o(.data) for xTimerQueue
    timers.o(i.xTimerGetTimerDaemonTaskHandle) refers to timers.o(.data) for xTimerTaskHandle
    timers.o(i.xTimerIsTimerActive) refers to port.o(i.vPortEnterCritical) for vPortEnterCritical
    timers.o(i.xTimerIsTimerActive) refers to port.o(i.vPortExitCritical) for vPortExitCritical
    mainm4.o(i.main) refers to utils.o(i.vSetupIO) for vSetupIO
    mainm4.o(i.main) refers to utils.o(i.vSetupRtos) for vSetupRtos
    mainm4.o(i.main) refers to tasks.o(i.vTaskStartScheduler) for vTaskStartScheduler
    rtos.o(i.vTaskHeartBeat) refers to lpc43xx_gpio.o(i.GPIO_ToggleValue) for GPIO_ToggleValue
    rtos.o(i.vTaskHeartBeat) refers to tasks.o(i.vTaskDelay) for vTaskDelay
    rtos.o(i.vTaskHeartBeat) refers to rtos.o(.data) for del
    rtos.o(i.vTaskPoll) refers to tasks.o(i.xTaskGetTickCount) for xTaskGetTickCount
    rtos.o(i.vTaskPoll) refers to tasks.o(i.vTaskDelayUntil) for vTaskDelayUntil
    utils.o(i.vSetupIO) refers to lpc43xx_scu.o(i.scu_pinmux) for scu_pinmux
    utils.o(i.vSetupIO) refers to lpc43xx_gpio.o(i.GPIO_SetDir) for GPIO_SetDir
    utils.o(i.vSetupIO) refers to lpc43xx_gpio.o(i.GPIO_SetValue) for GPIO_SetValue
    utils.o(i.vSetupIO) refers to lpc43xx_cgu.o(i.CGU_EntityConnect) for CGU_EntityConnect
    utils.o(i.vSetupIO) refers to lpc43xx_cgu.o(i.CGU_UpdateClock) for CGU_UpdateClock
    utils.o(i.vSetupRtos) refers to tasks.o(i.xTaskCreate) for xTaskCreate
    utils.o(i.vSetupRtos) refers to rtos.o(i.vTaskHeartBeat) for vTaskHeartBeat
    utils.o(i.vSetupRtos) refers to rtos.o(i.vTaskPoll) for vTaskPoll
    lpc43xx_cgu.o(i.CGU_ConfigPWR) refers to lpc43xx_cgu.o(i.CGU_GetBaseStatus) for CGU_GetBaseStatus
    lpc43xx_cgu.o(i.CGU_ConfigPWR) refers to lpc43xx_cgu.o(i.CGU_EnableEntity) for CGU_EnableEntity
    lpc43xx_cgu.o(i.CGU_ConfigPWR) refers to lpc43xx_cgu.o(.constdata) for CGU_PERIPHERAL_Info
    lpc43xx_cgu.o(i.CGU_EnableEntity) refers to lpc43xx_scu.o(i.scu_pinmux) for scu_pinmux
    lpc43xx_cgu.o(i.CGU_EnableEntity) refers to lpc43xx_cgu.o(.constdata) for CGU_Entity_ControlReg_Offset
    lpc43xx_cgu.o(i.CGU_EntityConnect) refers to lpc43xx_cgu.o(.constdata) for CGU_ConnectAlloc_Tbl
    lpc43xx_cgu.o(i.CGU_GetPCLKFrequency) refers to lpc43xx_cgu.o(.constdata) for CGU_PERIPHERAL_Info
    lpc43xx_cgu.o(i.CGU_GetPCLKFrequency) refers to lpc43xx_cgu.o(.data) for CGU_ClockSourceFrequency
    lpc43xx_cgu.o(i.CGU_Init) refers to lpc43xx_cgu.o(i.CGU_SetXTALOSC) for CGU_SetXTALOSC
    lpc43xx_cgu.o(i.CGU_Init) refers to lpc43xx_cgu.o(i.CGU_EnableEntity) for CGU_EnableEntity
    lpc43xx_cgu.o(i.CGU_Init) refers to lpc43xx_cgu.o(i.CGU_EntityConnect) for CGU_EntityConnect
    lpc43xx_cgu.o(i.CGU_Init) refers to lpc43xx_cgu.o(i.CGU_SetPLL1) for CGU_SetPLL1
    lpc43xx_cgu.o(i.CGU_Init) refers to lpc43xx_cgu.o(i.CGU_UpdateClock) for CGU_UpdateClock
    lpc43xx_cgu.o(i.CGU_RealFrequencyCompare) refers to lpc43xx_cgu.o(i.CGU_FrequencyMonitor) for CGU_FrequencyMonitor
    lpc43xx_cgu.o(i.CGU_SetDIV) refers to lpc43xx_cgu.o(.constdata) for CGU_Entity_ControlReg_Offset
    lpc43xx_cgu.o(i.CGU_SetPLL1) refers to lpc43xx_cgu.o(.data) for CGU_ClockSourceFrequency
    lpc43xx_cgu.o(i.CGU_SetXTALOSC) refers to lpc43xx_cgu.o(.data) for CGU_ClockSourceFrequency
    lpc43xx_cgu.o(i.CGU_UpdateClock) refers to lpc43xx_cgu.o(.data) for CGU_ClockSourceFrequency
    lpc43xx_cgu.o(i.CGU_UpdateClock) refers to lpc43xx_cgu.o(.constdata) for CGU_Entity_ControlReg_Offset
    lpc43xx_emc.o(i.MemoryPinInit) refers to lpc43xx_scu.o(i.scu_pinmux) for scu_pinmux
    lpc43xx_emc.o(i.emc_WaitMS) refers to lpc43xx_emc.o(i.emc_WaitUS) for emc_WaitUS
    lpc43xx_emc.o(i.emc_WaitUS) refers to system_lpc43xx.o(.data) for SystemCoreClock
    lpc43xx_emc.o(i.vEMC_InitSRDRAM) refers to lpc43xx_emc.o(i.emc_WaitUS) for emc_WaitUS
    lpc43xx_gpio.o(i.FIO_ClearValue) refers to lpc43xx_gpio.o(i.GPIO_ClearValue) for GPIO_ClearValue
    lpc43xx_gpio.o(i.FIO_ReadValue) refers to lpc43xx_gpio.o(i.GPIO_ReadValue) for GPIO_ReadValue
    lpc43xx_gpio.o(i.FIO_SetDir) refers to lpc43xx_gpio.o(i.GPIO_SetDir) for GPIO_SetDir
    lpc43xx_gpio.o(i.FIO_SetValue) refers to lpc43xx_gpio.o(i.GPIO_SetValue) for GPIO_SetValue
    entry.o(.ARM.Collect$$$$00000000) refers (Special) to entry10a.o(.ARM.Collect$$$$0000000D) for __rt_final_cpp
    entry.o(.ARM.Collect$$$$00000000) refers (Special) to entry11a.o(.ARM.Collect$$$$0000000F) for __rt_final_exit
    entry.o(.ARM.Collect$$$$00000000) refers (Special) to entry7b.o(.ARM.Collect$$$$00000008) for _main_clock
    entry.o(.ARM.Collect$$$$00000000) refers (Special) to entry8b.o(.ARM.Collect$$$$0000000A) for _main_cpp_init
    entry.o(.ARM.Collect$$$$00000000) refers (Special) to entry9a.o(.ARM.Collect$$$$0000000B) for _main_init
    entry.o(.ARM.Collect$$$$00000000) refers (Special) to entry5.o(.ARM.Collect$$$$00000004) for _main_scatterload
    entry.o(.ARM.Collect$$$$00000000) refers (Special) to entry2.o(.ARM.Collect$$$$00000001) for _main_stk
    entry2.o(.ARM.Collect$$$$00000001) refers to entry2.o(.ARM.Collect$$$$00002712) for __lit__00000000
    entry2.o(.ARM.Collect$$$$00002712) refers to startup_lpc43xx.o(STACK) for __initial_sp
    entry2.o(__vectab_stack_and_reset_area) refers to startup_lpc43xx.o(STACK) for __initial_sp
    entry2.o(__vectab_stack_and_reset_area) refers to entry.o(.ARM.Collect$$$$00000000) for __main
    entry5.o(.ARM.Collect$$$$00000004) refers to init.o(.text) for __scatterload
    entry9a.o(.ARM.Collect$$$$0000000B) refers to mainm4.o(i.main) for main
    entry9b.o(.ARM.Collect$$$$0000000C) refers to mainm4.o(i.main) for main
    init.o(.text) refers to entry5.o(.ARM.Collect$$$$00000004) for __main_after_scatterload


==============================================================================

Removing Unused input sections from the image.

    Removing startup_lpc43xx.o(HEAP), (0 bytes).
    Removing system_lpc43xx.o(.emb_text), (8 bytes).
    Removing system_lpc43xx.o(i.MeasureFreq), (100 bytes).
    Removing croutine.o(.emb_text), (8 bytes).
    Removing event_groups.o(.emb_text), (8 bytes).
    Removing event_groups.o(i.prvTestWaitCondition), (30 bytes).
    Removing event_groups.o(i.vEventGroupClearBitsCallback), (16 bytes).
    Removing event_groups.o(i.vEventGroupDelete), (82 bytes).
    Removing event_groups.o(i.vEventGroupSetBitsCallback), (16 bytes).
    Removing event_groups.o(i.xEventGroupClearBits), (92 bytes).
    Removing event_groups.o(i.xEventGroupCreate), (26 bytes).
    Removing event_groups.o(i.xEventGroupGetBitsFromISR), (44 bytes).
    Removing event_groups.o(i.xEventGroupSetBits), (206 bytes).
    Removing event_groups.o(i.xEventGroupSync), (272 bytes).
    Removing event_groups.o(i.xEventGroupWaitBits), (344 bytes).
    Removing heap_2.o(.emb_text), (8 bytes).
    Removing heap_2.o(i.vPortInitialiseBlocks), (2 bytes).
    Removing heap_2.o(i.xPortGetFreeHeapSize), (12 bytes).
    Removing list.o(.emb_text), (8 bytes).
    Removing port.o(i.vPortEndScheduler), (48 bytes).
    Removing queue.o(.emb_text), (8 bytes).
    Removing queue.o(i.pcQueueGetName), (44 bytes).
    Removing queue.o(i.prvGetDisinheritPriorityAfterTimeout), (20 bytes).
    Removing queue.o(i.prvInitialiseMutex), (30 bytes).
    Removing queue.o(i.uxQueueMessagesWaiting), (42 bytes).
    Removing queue.o(i.uxQueueMessagesWaitingFromISR), (34 bytes).
    Removing queue.o(i.uxQueueSpacesAvailable), (48 bytes).
    Removing queue.o(i.vQueueDelete), (44 bytes).
    Removing queue.o(i.vQueueUnregisterQueue), (48 bytes).
    Removing queue.o(i.xQueueCreateCountingSemaphore), (92 bytes).
    Removing queue.o(i.xQueueCreateMutex), (34 bytes).
    Removing queue.o(i.xQueueGiveFromISR), (224 bytes).
    Removing queue.o(i.xQueueGiveMutexRecursive), (72 bytes).
    Removing queue.o(i.xQueueIsQueueEmptyFromISR), (42 bytes).
    Removing queue.o(i.xQueueIsQueueFullFromISR), (46 bytes).
    Removing queue.o(i.xQueuePeek), (368 bytes).
    Removing queue.o(i.xQueuePeekFromISR), (176 bytes).
    Removing queue.o(i.xQueueReceiveFromISR), (202 bytes).
    Removing queue.o(i.xQueueSemaphoreTake), (440 bytes).
    Removing queue.o(i.xQueueTakeMutexRecursive), (78 bytes).
    Removing tasks.o(.emb_text), (8 bytes).
    Removing tasks.o(i.pcTaskGetName), (48 bytes).
    Removing tasks.o(i.prvTaskIsTaskSuspended), (88 bytes).
    Removing tasks.o(i.pvTaskIncrementMutexHeldCount), (32 bytes).
    Removing tasks.o(i.ulTaskNotifyTake), (116 bytes).
    Removing tasks.o(i.uxTaskGetNumberOfTasks), (12 bytes).
    Removing tasks.o(i.uxTaskPriorityGet), (36 bytes).
    Removing tasks.o(i.uxTaskPriorityGetFromISR), (68 bytes).
    Removing tasks.o(i.uxTaskResetEventItemValue), (28 bytes).
    Removing tasks.o(i.vTaskDelete), (244 bytes).
    Removing tasks.o(i.vTaskEndScheduler), (36 bytes).
    Removing tasks.o(i.vTaskNotifyGiveFromISR), (240 bytes).
    Removing tasks.o(i.vTaskPlaceOnUnorderedEventList), (108 bytes).
    Removing tasks.o(i.vTaskPriorityDisinheritAfterTimeout), (244 bytes).
    Removing tasks.o(i.vTaskPrioritySet), (276 bytes).
    Removing tasks.o(i.vTaskRemoveFromUnorderedEventList), (164 bytes).
    Removing tasks.o(i.vTaskResume), (144 bytes).
    Removing tasks.o(i.vTaskSetTimeOutState), (60 bytes).
    Removing tasks.o(i.vTaskSuspend), (244 bytes).
    Removing tasks.o(i.xTaskGenericNotify), (296 bytes).
    Removing tasks.o(i.xTaskGenericNotifyFromISR), (360 bytes).
    Removing tasks.o(i.xTaskGetCurrentTaskHandle), (12 bytes).
    Removing tasks.o(i.xTaskGetTickCountFromISR), (20 bytes).
    Removing tasks.o(i.xTaskNotifyStateClear), (52 bytes).
    Removing tasks.o(i.xTaskNotifyWait), (160 bytes).
    Removing tasks.o(i.xTaskPriorityInherit), (200 bytes).
    Removing tasks.o(i.xTaskResumeFromISR), (180 bytes).
    Removing timers.o(.emb_text), (8 bytes).
    Removing timers.o(i.pcTimerGetName), (32 bytes).
    Removing timers.o(i.prvInitialiseNewTimer), (78 bytes).
    Removing timers.o(i.pvTimerGetTimerID), (44 bytes).
    Removing timers.o(i.vTimerSetTimerID), (44 bytes).
    Removing timers.o(i.xTimerCreate), (48 bytes).
    Removing timers.o(i.xTimerGetExpiryTime), (34 bytes).
    Removing timers.o(i.xTimerGetPeriod), (32 bytes).
    Removing timers.o(i.xTimerGetTimerDaemonTaskHandle), (48 bytes).
    Removing timers.o(i.xTimerIsTimerActive), (62 bytes).
    Removing mainm4.o(.emb_text), (8 bytes).
    Removing rtos.o(.emb_text), (8 bytes).
    Removing utils.o(.emb_text), (8 bytes).
    Removing lpc43xx_cgu.o(.emb_text), (8 bytes).
    Removing lpc43xx_cgu.o(i.CGU_ConfigPWR), (692 bytes).
    Removing lpc43xx_cgu.o(i.CGU_EnableEntity), (296 bytes).
    Removing lpc43xx_cgu.o(i.CGU_FrequencyMonitor), (176 bytes).
    Removing lpc43xx_cgu.o(i.CGU_GetBaseStatus), (184 bytes).
    Removing lpc43xx_cgu.o(i.CGU_GetPCLKFrequency), (248 bytes).
    Removing lpc43xx_cgu.o(i.CGU_Init), (60 bytes).
    Removing lpc43xx_cgu.o(i.CGU_RealFrequencyCompare), (64 bytes).
    Removing lpc43xx_cgu.o(i.CGU_SetDIV), (64 bytes).
    Removing lpc43xx_cgu.o(i.CGU_SetPLL0), (44 bytes).
    Removing lpc43xx_cgu.o(i.CGU_SetPLL0audio), (56 bytes).
    Removing lpc43xx_cgu.o(i.CGU_SetPLL1), (180 bytes).
    Removing lpc43xx_cgu.o(i.CGU_SetXTALOSC), (72 bytes).
    Removing lpc43xx_emc.o(.emb_text), (8 bytes).
    Removing lpc43xx_emc.o(i.EMCFlashInit), (52 bytes).
    Removing lpc43xx_emc.o(i.MemoryPinInit), (904 bytes).
    Removing lpc43xx_emc.o(i.emc_WaitMS), (18 bytes).
    Removing lpc43xx_emc.o(i.emc_WaitUS), (48 bytes).
    Removing lpc43xx_emc.o(i.vEMC_InitSRDRAM), (284 bytes).
    Removing lpc43xx_gpio.o(.emb_text), (8 bytes).
    Removing lpc43xx_gpio.o(i.FIO_ClearValue), (16 bytes).
    Removing lpc43xx_gpio.o(i.FIO_ReadValue), (12 bytes).
    Removing lpc43xx_gpio.o(i.FIO_SetDir), (20 bytes).
    Removing lpc43xx_gpio.o(i.FIO_SetMask), (40 bytes).
    Removing lpc43xx_gpio.o(i.FIO_SetValue), (16 bytes).
    Removing lpc43xx_gpio.o(i.GPIO_ClearValue), (12 bytes).
    Removing lpc43xx_gpio.o(i.GPIO_ReadValue), (16 bytes).
    Removing lpc43xx_scu.o(.emb_text), (8 bytes).

108 unused section(s) (total 10958 bytes) removed from the image.

==============================================================================

Image Symbol Table

    Local Symbols

    Symbol Name                              Value     Ov Type        Size  Object(Section)

    ../clib/microlib/init/entry.s            0x00000000   Number         0  entry7b.o ABSOLUTE
    ../clib/microlib/init/entry.s            0x00000000   Number         0  entry11b.o ABSOLUTE
    ../clib/microlib/init/entry.s            0x00000000   Number         0  entry8a.o ABSOLUTE
    ../clib/microlib/init/entry.s            0x00000000   Number         0  entry11a.o ABSOLUTE
    ../clib/microlib/init/entry.s            0x00000000   Number         0  entry10b.o ABSOLUTE
    ../clib/microlib/init/entry.s            0x00000000   Number         0  entry10a.o ABSOLUTE
    ../clib/microlib/init/entry.s            0x00000000   Number         0  entry.o ABSOLUTE
    ../clib/microlib/init/entry.s            0x00000000   Number         0  entry8b.o ABSOLUTE
    ../clib/microlib/init/entry.s            0x00000000   Number         0  entry9b.o ABSOLUTE
    ../clib/microlib/init/entry.s            0x00000000   Number         0  entry9a.o ABSOLUTE
    ../clib/microlib/init/entry.s            0x00000000   Number         0  entry7a.o ABSOLUTE
    ../clib/microlib/init/entry.s            0x00000000   Number         0  entry5.o ABSOLUTE
    ../clib/microlib/init/entry.s            0x00000000   Number         0  entry2.o ABSOLUTE
    ../clib/microlib/string/memcpy.c         0x00000000   Number         0  memcpyb.o ABSOLUTE
    ../clib/microlib/string/memcpy.c         0x00000000   Number         0  memcpya.o ABSOLUTE
    Drivers\\source\\lpc43xx_cgu.c           0x00000000   Number         0  lpc43xx_cgu.o ABSOLUTE
    Drivers\\source\\lpc43xx_emc.c           0x00000000   Number         0  lpc43xx_emc.o ABSOLUTE
    Drivers\\source\\lpc43xx_gpio.c          0x00000000   Number         0  lpc43xx_gpio.o ABSOLUTE
    Drivers\\source\\lpc43xx_scu.c           0x00000000   Number         0  lpc43xx_scu.o ABSOLUTE
    Drivers\source\lpc43xx_cgu.c             0x00000000   Number         0  lpc43xx_cgu.o ABSOLUTE
    Drivers\source\lpc43xx_emc.c             0x00000000   Number         0  lpc43xx_emc.o ABSOLUTE
    Drivers\source\lpc43xx_gpio.c            0x00000000   Number         0  lpc43xx_gpio.o ABSOLUTE
    Drivers\source\lpc43xx_scu.c             0x00000000   Number         0  lpc43xx_scu.o ABSOLUTE
    RTOS\Source\croutine.c                   0x00000000   Number         0  croutine.o ABSOLUTE
    RTOS\Source\event_groups.c               0x00000000   Number         0  event_groups.o ABSOLUTE
    RTOS\Source\heap_2.c                     0x00000000   Number         0  heap_2.o ABSOLUTE
    RTOS\Source\list.c                       0x00000000   Number         0  list.o ABSOLUTE
    RTOS\Source\port.c                       0x00000000   Number         0  port.o ABSOLUTE
    RTOS\Source\queue.c                      0x00000000   Number         0  queue.o ABSOLUTE
    RTOS\Source\tasks.c                      0x00000000   Number         0  tasks.o ABSOLUTE
    RTOS\Source\timers.c                     0x00000000   Number         0  timers.o ABSOLUTE
    RTOS\\Source\\croutine.c                 0x00000000   Number         0  croutine.o ABSOLUTE
    RTOS\\Source\\event_groups.c             0x00000000   Number         0  event_groups.o ABSOLUTE
    RTOS\\Source\\heap_2.c                   0x00000000   Number         0  heap_2.o ABSOLUTE
    RTOS\\Source\\list.c                     0x00000000   Number         0  list.o ABSOLUTE
    RTOS\\Source\\port.c                     0x00000000   Number         0  port.o ABSOLUTE
    RTOS\\Source\\queue.c                    0x00000000   Number         0  queue.o ABSOLUTE
    RTOS\\Source\\tasks.c                    0x00000000   Number         0  tasks.o ABSOLUTE
    RTOS\\Source\\timers.c                   0x00000000   Number         0  timers.o ABSOLUTE
    StartupM4\\system_LPC43xx.c              0x00000000   Number         0  system_lpc43xx.o ABSOLUTE
    StartupM4\startup_LPC43xx.s              0x00000000   Number         0  startup_lpc43xx.o ABSOLUTE
    StartupM4\system_LPC43xx.c               0x00000000   Number         0  system_lpc43xx.o ABSOLUTE
    dc.s                                     0x00000000   Number         0  dc.o ABSOLUTE
    handlers.s                               0x00000000   Number         0  handlers.o ABSOLUTE
    init.s                                   0x00000000   Number         0  init.o ABSOLUTE
    mainM4.c                                 0x00000000   Number         0  mainm4.o ABSOLUTE
    mainM4.c                                 0x00000000   Number         0  mainm4.o ABSOLUTE
    rtos.c                                   0x00000000   Number         0  rtos.o ABSOLUTE
    rtos.c                                   0x00000000   Number         0  rtos.o ABSOLUTE
    utils.c                                  0x00000000   Number         0  utils.o ABSOLUTE
    utils.c                                  0x00000000   Number         0  utils.o ABSOLUTE
    .data                                    0x10000000   Section        4  system_lpc43xx.o(.data)
    .data                                    0x10000004   Section       24  heap_2.o(.data)
    xStart                                   0x10000004   Data           8  heap_2.o(.data)
    xEnd                                     0x1000000c   Data           8  heap_2.o(.data)
    xFreeBytesRemaining                      0x10000014   Data           4  heap_2.o(.data)
    xHeapHasBeenInitialised                  0x10000018   Data           4  heap_2.o(.data)
    .data                                    0x1000001c   Section       12  port.o(.data)
    uxCriticalNesting                        0x1000001c   Data           4  port.o(.data)
    ucMaxSysCallPriority                     0x10000020   Data           1  port.o(.data)
    ulMaxPRIGROUPValue                       0x10000024   Data           4  port.o(.data)
    .data                                    0x10000028   Section       60  tasks.o(.data)
    pxDelayedTaskList                        0x1000002c   Data           4  tasks.o(.data)
    pxOverflowDelayedTaskList                0x10000030   Data           4  tasks.o(.data)
    uxDeletedTasksWaitingCleanUp             0x10000034   Data           4  tasks.o(.data)
    uxCurrentNumberOfTasks                   0x10000038   Data           4  tasks.o(.data)
    xTickCount                               0x1000003c   Data           4  tasks.o(.data)
    uxTopReadyPriority                       0x10000040   Data           4  tasks.o(.data)
    xSchedulerRunning                        0x10000044   Data           4  tasks.o(.data)
    uxPendedTicks                            0x10000048   Data           4  tasks.o(.data)
    xYieldPending                            0x1000004c   Data           4  tasks.o(.data)
    xNumOfOverflows                          0x10000050   Data           4  tasks.o(.data)
    uxTaskNumber                             0x10000054   Data           4  tasks.o(.data)
    xNextTaskUnblockTime                     0x10000058   Data           4  tasks.o(.data)
    xIdleTaskHandle                          0x1000005c   Data           4  tasks.o(.data)
    uxSchedulerSuspended                     0x10000060   Data           4  tasks.o(.data)
    .data                                    0x10000064   Section       20  timers.o(.data)
    pxCurrentTimerList                       0x10000064   Data           4  timers.o(.data)
    pxOverflowTimerList                      0x10000068   Data           4  timers.o(.data)
    xTimerQueue                              0x1000006c   Data           4  timers.o(.data)
    xTimerTaskHandle                         0x10000070   Data           4  timers.o(.data)
    xLastTime                                0x10000074   Data           4  timers.o(.data)
    .data                                    0x10000078   Section        2  rtos.o(.data)
    del                                      0x10000078   Data           2  rtos.o(.data)
    .data                                    0x1000007c   Section       68  lpc43xx_cgu.o(.data)
    .bss                                     0x100000c0   Section       64  queue.o(.bss)
    .bss                                     0x10000100   Section      260  tasks.o(.bss)
    pxReadyTasksLists                        0x10000100   Data         160  tasks.o(.bss)
    xDelayedTaskList1                        0x100001a0   Data          20  tasks.o(.bss)
    xDelayedTaskList2                        0x100001b4   Data          20  tasks.o(.bss)
    xPendingReadyList                        0x100001c8   Data          20  tasks.o(.bss)
    xTasksWaitingTermination                 0x100001dc   Data          20  tasks.o(.bss)
    xSuspendedTaskList                       0x100001f0   Data          20  tasks.o(.bss)
    .bss                                     0x10000204   Section       40  timers.o(.bss)
    xActiveTimerList1                        0x10000204   Data          20  timers.o(.bss)
    xActiveTimerList2                        0x10000218   Data          20  timers.o(.bss)
    STACK                                    0x10000230   Section     1024  startup_lpc43xx.o(STACK)
    RESET                                    0x1a000000   Section      276  startup_lpc43xx.o(RESET)
    .ARM.Collect$$$$00000000                 0x1a000114   Section        0  entry.o(.ARM.Collect$$$$00000000)
    .ARM.Collect$$$$00000001                 0x1a000114   Section        4  entry2.o(.ARM.Collect$$$$00000001)
    .ARM.Collect$$$$00000004                 0x1a000118   Section        4  entry5.o(.ARM.Collect$$$$00000004)
    .ARM.Collect$$$$00000008                 0x1a00011c   Section        0  entry7b.o(.ARM.Collect$$$$00000008)
    .ARM.Collect$$$$0000000A                 0x1a00011c   Section        0  entry8b.o(.ARM.Collect$$$$0000000A)
    .ARM.Collect$$$$0000000B                 0x1a00011c   Section        8  entry9a.o(.ARM.Collect$$$$0000000B)
    .ARM.Collect$$$$0000000D                 0x1a000124   Section        0  entry10a.o(.ARM.Collect$$$$0000000D)
    .ARM.Collect$$$$0000000F                 0x1a000124   Section        0  entry11a.o(.ARM.Collect$$$$0000000F)
    .ARM.Collect$$$$00002712                 0x1a000124   Section        4  entry2.o(.ARM.Collect$$$$00002712)
    __lit__00000000                          0x1a000124   Data           4  entry2.o(.ARM.Collect$$$$00002712)
    .emb_text                                0x1a000128   Section      194  port.o(.emb_text)
    $v0                                      0x1a000128   Number         0  port.o(.emb_text)
    .text                                    0x1a0001ec   Section       44  startup_lpc43xx.o(.text)
    $v0                                      0x1a0001ec   Number         0  startup_lpc43xx.o(.text)
    .text                                    0x1a000218   Section        0  memcpya.o(.text)
    .text                                    0x1a00023c   Section       36  init.o(.text)
    i.CGU_EntityConnect                      0x1a000260   Section        0  lpc43xx_cgu.o(i.CGU_EntityConnect)
    i.CGU_UpdateClock                        0x1a0002e0   Section        0  lpc43xx_cgu.o(i.CGU_UpdateClock)
    i.GPIO_SetDir                            0x1a0003a4   Section        0  lpc43xx_gpio.o(i.GPIO_SetDir)
    i.GPIO_SetValue                          0x1a0003cc   Section        0  lpc43xx_gpio.o(i.GPIO_SetValue)
    i.GPIO_ToggleValue                       0x1a0003d8   Section        0  lpc43xx_gpio.o(i.GPIO_ToggleValue)
    i.GetClkSel                              0x1a0003e4   Section        0  system_lpc43xx.o(i.GetClkSel)
    i.GetClockFreq                           0x1a000494   Section        0  system_lpc43xx.o(i.GetClockFreq)
    i.GetPLL1Param                           0x1a000564   Section        0  system_lpc43xx.o(i.GetPLL1Param)
    i.SetClock                               0x1a0005ac   Section        0  system_lpc43xx.o(i.SetClock)
    i.SysTick_Handler                        0x1a00074c   Section        0  port.o(i.SysTick_Handler)
    i.SystemCoreClockUpdate                  0x1a000780   Section        0  system_lpc43xx.o(i.SystemCoreClockUpdate)
    i.SystemInit                             0x1a0007a0   Section        0  system_lpc43xx.o(i.SystemInit)
    i.SystemInit_ExtMemCtl                   0x1a0007d0   Section        0  system_lpc43xx.o(i.SystemInit_ExtMemCtl)
    i.__scatterload_copy                     0x1a0008fc   Section       14  handlers.o(i.__scatterload_copy)
    i.__scatterload_null                     0x1a00090a   Section        2  handlers.o(i.__scatterload_null)
    i.__scatterload_zeroinit                 0x1a00090c   Section       14  handlers.o(i.__scatterload_zeroinit)
    i.main                                   0x1a00091a   Section        0  mainm4.o(i.main)
    i.prvAddCurrentTaskToDelayedList         0x1a00092c   Section        0  tasks.o(i.prvAddCurrentTaskToDelayedList)
    prvAddCurrentTaskToDelayedList           0x1a00092d   Thumb Code   124  tasks.o(i.prvAddCurrentTaskToDelayedList)
    i.prvAddNewTaskToReadyList               0x1a0009c4   Section        0  tasks.o(i.prvAddNewTaskToReadyList)
    prvAddNewTaskToReadyList                 0x1a0009c5   Thumb Code   150  tasks.o(i.prvAddNewTaskToReadyList)
    i.prvCheckForValidListAndQueue           0x1a000a78   Section        0  timers.o(i.prvCheckForValidListAndQueue)
    prvCheckForValidListAndQueue             0x1a000a79   Thumb Code    72  timers.o(i.prvCheckForValidListAndQueue)
    i.prvCheckTasksWaitingTermination        0x1a000adc   Section        0  tasks.o(i.prvCheckTasksWaitingTermination)
    prvCheckTasksWaitingTermination          0x1a000add   Thumb Code    60  tasks.o(i.prvCheckTasksWaitingTermination)
    i.prvCopyDataFromQueue                   0x1a000b24   Section        0  queue.o(i.prvCopyDataFromQueue)
    prvCopyDataFromQueue                     0x1a000b25   Thumb Code    42  queue.o(i.prvCopyDataFromQueue)
    i.prvCopyDataToQueue                     0x1a000b4e   Section        0  queue.o(i.prvCopyDataToQueue)
    prvCopyDataToQueue                       0x1a000b4f   Thumb Code   126  queue.o(i.prvCopyDataToQueue)
    i.prvDeleteTCB                           0x1a000bcc   Section        0  tasks.o(i.prvDeleteTCB)
    prvDeleteTCB                             0x1a000bcd   Thumb Code    18  tasks.o(i.prvDeleteTCB)
    i.prvGetNextExpireTime                   0x1a000be0   Section        0  timers.o(i.prvGetNextExpireTime)
    prvGetNextExpireTime                     0x1a000be1   Thumb Code    36  timers.o(i.prvGetNextExpireTime)
    i.prvHeapInit                            0x1a000c08   Section        0  heap_2.o(i.prvHeapInit)
    prvHeapInit                              0x1a000c09   Thumb Code    42  heap_2.o(i.prvHeapInit)
    i.prvIdleTask                            0x1a000c40   Section        0  tasks.o(i.prvIdleTask)
    prvIdleTask                              0x1a000c41   Thumb Code    32  tasks.o(i.prvIdleTask)
    i.prvInitialiseNewQueue                  0x1a000c68   Section        0  queue.o(i.prvInitialiseNewQueue)
    prvInitialiseNewQueue                    0x1a000c69   Thumb Code    38  queue.o(i.prvInitialiseNewQueue)
    i.prvInitialiseNewTask                   0x1a000c8e   Section        0  tasks.o(i.prvInitialiseNewTask)
    prvInitialiseNewTask                     0x1a000c8f   Thumb Code   194  tasks.o(i.prvInitialiseNewTask)
    i.prvInitialiseTaskLists                 0x1a000d50   Section        0  tasks.o(i.prvInitialiseTaskLists)
    prvInitialiseTaskLists                   0x1a000d51   Thumb Code    70  tasks.o(i.prvInitialiseTaskLists)
    i.prvInsertTimerInActiveList             0x1a000db8   Section        0  timers.o(i.prvInsertTimerInActiveList)
    prvInsertTimerInActiveList               0x1a000db9   Thumb Code    80  timers.o(i.prvInsertTimerInActiveList)
    i.prvIsQueueEmpty                        0x1a000e10   Section        0  queue.o(i.prvIsQueueEmpty)
    prvIsQueueEmpty                          0x1a000e11   Thumb Code    26  queue.o(i.prvIsQueueEmpty)
    i.prvIsQueueFull                         0x1a000e2a   Section        0  queue.o(i.prvIsQueueFull)
    prvIsQueueFull                           0x1a000e2b   Thumb Code    30  queue.o(i.prvIsQueueFull)
    i.prvProcessExpiredTimer                 0x1a000e48   Section        0  timers.o(i.prvProcessExpiredTimer)
    prvProcessExpiredTimer                   0x1a000e49   Thumb Code    94  timers.o(i.prvProcessExpiredTimer)
    i.prvProcessReceivedCommands             0x1a000eac   Section        0  timers.o(i.prvProcessReceivedCommands)
    prvProcessReceivedCommands               0x1a000ead   Thumb Code   240  timers.o(i.prvProcessReceivedCommands)
    i.prvProcessTimerOrBlockTask             0x1a000fa0   Section        0  timers.o(i.prvProcessTimerOrBlockTask)
    prvProcessTimerOrBlockTask               0x1a000fa1   Thumb Code   102  timers.o(i.prvProcessTimerOrBlockTask)
    i.prvResetNextTaskUnblockTime            0x1a001014   Section        0  tasks.o(i.prvResetNextTaskUnblockTime)
    prvResetNextTaskUnblockTime              0x1a001015   Thumb Code    42  tasks.o(i.prvResetNextTaskUnblockTime)
    i.prvSampleTimeNow                       0x1a001048   Section        0  timers.o(i.prvSampleTimeNow)
    prvSampleTimeNow                         0x1a001049   Thumb Code    40  timers.o(i.prvSampleTimeNow)
    i.prvSwitchTimerLists                    0x1a001074   Section        0  timers.o(i.prvSwitchTimerLists)
    prvSwitchTimerLists                      0x1a001075   Thumb Code   150  timers.o(i.prvSwitchTimerLists)
    i.prvTaskExitError                       0x1a001114   Section        0  port.o(i.prvTaskExitError)
    prvTaskExitError                         0x1a001115   Thumb Code    60  port.o(i.prvTaskExitError)
    i.prvTimerTask                           0x1a001154   Section        0  timers.o(i.prvTimerTask)
    prvTimerTask                             0x1a001155   Thumb Code    26  timers.o(i.prvTimerTask)
    i.prvUnlockQueue                         0x1a00116e   Section        0  queue.o(i.prvUnlockQueue)
    prvUnlockQueue                           0x1a00116f   Thumb Code   126  queue.o(i.prvUnlockQueue)
    i.pvPortMalloc                           0x1a0011ec   Section        0  heap_2.o(i.pvPortMalloc)
    i.pxPortInitialiseStack                  0x1a0012a4   Section        0  port.o(i.pxPortInitialiseStack)
    i.scu_pinmux                             0x1a0012cc   Section        0  lpc43xx_scu.o(i.scu_pinmux)
    i.uxListRemove                           0x1a0012f0   Section        0  list.o(i.uxListRemove)
    i.vListInitialise                        0x1a001318   Section        0  list.o(i.vListInitialise)
    i.vListInitialiseItem                    0x1a001332   Section        0  list.o(i.vListInitialiseItem)
    i.vListInsert                            0x1a001338   Section        0  list.o(i.vListInsert)
    i.vListInsertEnd                         0x1a00136c   Section        0  list.o(i.vListInsertEnd)
    i.vPortEnterCritical                     0x1a001384   Section        0  port.o(i.vPortEnterCritical)
    i.vPortExitCritical                      0x1a0013d8   Section        0  port.o(i.vPortExitCritical)
    i.vPortFree                              0x1a001414   Section        0  heap_2.o(i.vPortFree)
    i.vPortSetupTimerInterrupt               0x1a001454   Section        0  port.o(i.vPortSetupTimerInterrupt)
    i.vPortValidateInterruptPriority         0x1a001468   Section        0  port.o(i.vPortValidateInterruptPriority)
    i.vQueueAddToRegistry                    0x1a0014e0   Section        0  queue.o(i.vQueueAddToRegistry)
    i.vQueueWaitForMessageRestricted         0x1a00150c   Section        0  queue.o(i.vQueueWaitForMessageRestricted)
    i.vSetupIO                               0x1a001558   Section        0  utils.o(i.vSetupIO)
    i.vSetupRtos                             0x1a001594   Section        0  utils.o(i.vSetupRtos)
    i.vTaskDelay                             0x1a0015dc   Section        0  tasks.o(i.vTaskDelay)
    i.vTaskDelayUntil                        0x1a001638   Section        0  tasks.o(i.vTaskDelayUntil)
    i.vTaskHeartBeat                         0x1a00170c   Section        0  rtos.o(i.vTaskHeartBeat)
    i.vTaskInternalSetTimeOutState           0x1a001728   Section        0  tasks.o(i.vTaskInternalSetTimeOutState)
    i.vTaskMissedYield                       0x1a001740   Section        0  tasks.o(i.vTaskMissedYield)
    i.vTaskPlaceOnEventList                  0x1a00174c   Section        0  tasks.o(i.vTaskPlaceOnEventList)
    i.vTaskPlaceOnEventListRestricted        0x1a001784   Section        0  tasks.o(i.vTaskPlaceOnEventListRestricted)
    i.vTaskPoll                              0x1a0017c4   Section        0  rtos.o(i.vTaskPoll)
    i.vTaskStartScheduler                    0x1a0017d8   Section        0  tasks.o(i.vTaskStartScheduler)
    i.vTaskSuspendAll                        0x1a00186c   Section        0  tasks.o(i.vTaskSuspendAll)
    i.vTaskSwitchContext                     0x1a00187c   Section        0  tasks.o(i.vTaskSwitchContext)
    i.xPortStartScheduler                    0x1a001908   Section        0  port.o(i.xPortStartScheduler)
    i.xQueueGenericCreate                    0x1a0019bc   Section        0  queue.o(i.xQueueGenericCreate)
    i.xQueueGenericReset                     0x1a001a18   Section        0  queue.o(i.xQueueGenericReset)
    i.xQueueGenericSend                      0x1a001ab0   Section        0  queue.o(i.xQueueGenericSend)
    i.xQueueGenericSendFromISR               0x1a001c58   Section        0  queue.o(i.xQueueGenericSendFromISR)
    i.xQueueReceive                          0x1a001d50   Section        0  queue.o(i.xQueueReceive)
    i.xTaskCheckForTimeOut                   0x1a001eb8   Section        0  tasks.o(i.xTaskCheckForTimeOut)
    i.xTaskCreate                            0x1a001f44   Section        0  tasks.o(i.xTaskCreate)
    i.xTaskGetSchedulerState                 0x1a001fa4   Section        0  tasks.o(i.xTaskGetSchedulerState)
    i.xTaskGetTickCount                      0x1a001fc4   Section        0  tasks.o(i.xTaskGetTickCount)
    i.xTaskIncrementTick                     0x1a001fd0   Section        0  tasks.o(i.xTaskIncrementTick)
    i.xTaskPriorityDisinherit                0x1a002118   Section        0  tasks.o(i.xTaskPriorityDisinherit)
    i.xTaskRemoveFromEventList               0x1a0021e0   Section        0  tasks.o(i.xTaskRemoveFromEventList)
    i.xTaskResumeAll                         0x1a002278   Section        0  tasks.o(i.xTaskResumeAll)
    i.xTimerCreateTimerTask                  0x1a00237c   Section        0  timers.o(i.xTimerCreateTimerTask)
    i.xTimerGenericCommand                   0x1a0023d4   Section        0  timers.o(i.xTimerGenericCommand)
    .constdata                               0x1a002458   Section       20  system_lpc43xx.o(.constdata)
    .constdata                               0x1a00246c   Section     1246  lpc43xx_cgu.o(.constdata)
    .bss                                     0x20000000   Section    40960  heap_2.o(.bss)
    ucHeap                                   0x20000000   Data       40960  heap_2.o(.bss)

    Global Symbols

    Symbol Name                              Value     Ov Type        Size  Object(Section)

    BuildAttributes$$THM_ISAv4$E$P$D$K$B$S$7EM$VFPi3$EXTD16$VFPS$VFMA$PE$A:L22UL41UL21$X:L11$S22US41US21$IEEE1$IW$USESV6$~STKCKD$USESV7$~SHL$OSPACE$EBA8$MICROLIB$REQ8$PRES8$EABIv2 0x00000000   Number         0  anon$$obj.o ABSOLUTE
    __ARM_use_no_argv                        0x00000000   Number         0  mainm4.o ABSOLUTE
    __cpp_initialize__aeabi_                  - Undefined Weak Reference
    __cxa_finalize                            - Undefined Weak Reference
    __decompress                              - Undefined Weak Reference
    _clock_init                               - Undefined Weak Reference
    _microlib_exit                            - Undefined Weak Reference
    SystemCoreClock                          0x10000000   Data           4  system_lpc43xx.o(.data)
    pxCurrentTCB                             0x10000028   Data           4  tasks.o(.data)
    CGU_ClockSourceFrequency                 0x1000007c   Data          68  lpc43xx_cgu.o(.data)
    xQueueRegistry                           0x100000c0   Data          64  queue.o(.bss)
    __initial_sp                             0x10000630   Data           0  startup_lpc43xx.o(STACK)
    __Vectors                                0x1a000000   Data           4  startup_lpc43xx.o(RESET)
    __endVectors                             0x1a000114   Data           0  startup_lpc43xx.o(RESET)
    __main                                   0x1a000115   Thumb Code     0  entry.o(.ARM.Collect$$$$00000000)
    _main_stk                                0x1a000115   Thumb Code     0  entry2.o(.ARM.Collect$$$$00000001)
    _main_scatterload                        0x1a000119   Thumb Code     0  entry5.o(.ARM.Collect$$$$00000004)
    __main_after_scatterload                 0x1a00011d   Thumb Code     0  entry5.o(.ARM.Collect$$$$00000004)
    _main_clock                              0x1a00011d   Thumb Code     0  entry7b.o(.ARM.Collect$$$$00000008)
    _main_cpp_init                           0x1a00011d   Thumb Code     0  entry8b.o(.ARM.Collect$$$$0000000A)
    _main_init                               0x1a00011d   Thumb Code     0  entry9a.o(.ARM.Collect$$$$0000000B)
    __rt_final_cpp                           0x1a000125   Thumb Code     0  entry10a.o(.ARM.Collect$$$$0000000D)
    __rt_final_exit                          0x1a000125   Thumb Code     0  entry11a.o(.ARM.Collect$$$$0000000F)
    __asm___6_port_c_39a90d8d____REV16       0x1a000129   Thumb Code     4  port.o(.emb_text)
    __asm___6_port_c_39a90d8d____REVSH       0x1a00012d   Thumb Code     4  port.o(.emb_text)
    SVC_Handler                              0x1a000131   Thumb Code    28  port.o(.emb_text)
    __asm___6_port_c_39a90d8d__prvStartFirstTask 0x1a000151   Thumb Code    28  port.o(.emb_text)
    __asm___6_port_c_39a90d8d__prvEnableVFP  0x1a000171   Thumb Code    16  port.o(.emb_text)
    PendSV_Handler                           0x1a000185   Thumb Code    92  port.o(.emb_text)
    vPortGetIPSR                             0x1a0001e5   Thumb Code     6  port.o(.emb_text)
    Reset_Handler                            0x1a0001ed   Thumb Code     8  startup_lpc43xx.o(.text)
    NMI_Handler                              0x1a0001f5   Thumb Code     2  startup_lpc43xx.o(.text)
    HardFault_Handler                        0x1a0001f7   Thumb Code     2  startup_lpc43xx.o(.text)
    MemManage_Handler                        0x1a0001f9   Thumb Code     2  startup_lpc43xx.o(.text)
    BusFault_Handler                         0x1a0001fb   Thumb Code     2  startup_lpc43xx.o(.text)
    UsageFault_Handler                       0x1a0001fd   Thumb Code     2  startup_lpc43xx.o(.text)
    vPortSVCHandler                          0x1a0001ff   Thumb Code     2  startup_lpc43xx.o(.text)
    DebugMon_Handler                         0x1a000203   Thumb Code     2  startup_lpc43xx.o(.text)
    xPortPendSVHandler                       0x1a000205   Thumb Code     2  startup_lpc43xx.o(.text)
    xPortSysTickHandler                      0x1a000209   Thumb Code     2  startup_lpc43xx.o(.text)
    ADC0_IRQHandler                          0x1a00020d   Thumb Code     0  startup_lpc43xx.o(.text)
    ADC1_IRQHandler                          0x1a00020d   Thumb Code     0  startup_lpc43xx.o(.text)
    ATIMER_IRQHandler                        0x1a00020d   Thumb Code     0  startup_lpc43xx.o(.text)
    CAN0_IRQHandler                          0x1a00020d   Thumb Code     0  startup_lpc43xx.o(.text)
    CAN1_IRQHandler                          0x1a00020d   Thumb Code     0  startup_lpc43xx.o(.text)
    DAC_IRQHandler                           0x1a00020d   Thumb Code     0  startup_lpc43xx.o(.text)
    DMA_IRQHandler                           0x1a00020d   Thumb Code     0  startup_lpc43xx.o(.text)
    ETH_IRQHandler                           0x1a00020d   Thumb Code     0  startup_lpc43xx.o(.text)
    EVRT_IRQHandler                          0x1a00020d   Thumb Code     0  startup_lpc43xx.o(.text)
    FLASH_EEPROM_IRQHandler                  0x1a00020d   Thumb Code     0  startup_lpc43xx.o(.text)
    GINT0_IRQHandler                         0x1a00020d   Thumb Code     0  startup_lpc43xx.o(.text)
    GINT1_IRQHandler                         0x1a00020d   Thumb Code     0  startup_lpc43xx.o(.text)
    GPIO0_IRQHandler                         0x1a00020d   Thumb Code     0  startup_lpc43xx.o(.text)
    GPIO1_IRQHandler                         0x1a00020d   Thumb Code     0  startup_lpc43xx.o(.text)
    GPIO2_IRQHandler                         0x1a00020d   Thumb Code     0  startup_lpc43xx.o(.text)
    GPIO3_IRQHandler                         0x1a00020d   Thumb Code     0  startup_lpc43xx.o(.text)
    GPIO4_IRQHandler                         0x1a00020d   Thumb Code     0  startup_lpc43xx.o(.text)
    GPIO5_IRQHandler                         0x1a00020d   Thumb Code     0  startup_lpc43xx.o(.text)
    GPIO6_IRQHandler                         0x1a00020d   Thumb Code     0  startup_lpc43xx.o(.text)
    GPIO7_IRQHandler                         0x1a00020d   Thumb Code     0  startup_lpc43xx.o(.text)
    I2C0_IRQHandler                          0x1a00020d   Thumb Code     0  startup_lpc43xx.o(.text)
    I2C1_IRQHandler                          0x1a00020d   Thumb Code     0  startup_lpc43xx.o(.text)
    I2S0_IRQHandler                          0x1a00020d   Thumb Code     0  startup_lpc43xx.o(.text)
    I2S1_IRQHandler                          0x1a00020d   Thumb Code     0  startup_lpc43xx.o(.text)
    LCD_IRQHandler                           0x1a00020d   Thumb Code     0  startup_lpc43xx.o(.text)
    M0_IRQHandler                            0x1a00020d   Thumb Code     0  startup_lpc43xx.o(.text)
    MCPWM_IRQHandler                         0x1a00020d   Thumb Code     0  startup_lpc43xx.o(.text)
    QEI_IRQHandler                           0x1a00020d   Thumb Code     0  startup_lpc43xx.o(.text)
    RIT_IRQHandler                           0x1a00020d   Thumb Code     0  startup_lpc43xx.o(.text)
    RTC_IRQHandler                           0x1a00020d   Thumb Code     0  startup_lpc43xx.o(.text)
    SCT_IRQHandler                           0x1a00020d   Thumb Code     0  startup_lpc43xx.o(.text)
    SDIO_IRQHandler                          0x1a00020d   Thumb Code     0  startup_lpc43xx.o(.text)
    SGPIO_IRQHandler                         0x1a00020d   Thumb Code     0  startup_lpc43xx.o(.text)
    SPIFI_IRQHandler                         0x1a00020d   Thumb Code     0  startup_lpc43xx.o(.text)
    SPI_IRQHandler                           0x1a00020d   Thumb Code     0  startup_lpc43xx.o(.text)
    SSP0_IRQHandler                          0x1a00020d   Thumb Code     0  startup_lpc43xx.o(.text)
    SSP1_IRQHandler                          0x1a00020d   Thumb Code     0  startup_lpc43xx.o(.text)
    TIMER0_IRQHandler                        0x1a00020d   Thumb Code     0  startup_lpc43xx.o(.text)
    TIMER1_IRQHandler                        0x1a00020d   Thumb Code     0  startup_lpc43xx.o(.text)
    TIMER2_IRQHandler                        0x1a00020d   Thumb Code     0  startup_lpc43xx.o(.text)
    TIMER3_IRQHandler                        0x1a00020d   Thumb Code     0  startup_lpc43xx.o(.text)
    UART0_IRQHandler                         0x1a00020d   Thumb Code     0  startup_lpc43xx.o(.text)
    UART1_IRQHandler                         0x1a00020d   Thumb Code     0  startup_lpc43xx.o(.text)
    UART2_IRQHandler                         0x1a00020d   Thumb Code     0  startup_lpc43xx.o(.text)
    UART3_IRQHandler                         0x1a00020d   Thumb Code     0  startup_lpc43xx.o(.text)
    USB0_IRQHandler                          0x1a00020d   Thumb Code     0  startup_lpc43xx.o(.text)
    USB1_IRQHandler                          0x1a00020d   Thumb Code     0  startup_lpc43xx.o(.text)
    VADC_IRQHandler                          0x1a00020d   Thumb Code     0  startup_lpc43xx.o(.text)
    WDT_IRQHandler                           0x1a00020d   Thumb Code     0  startup_lpc43xx.o(.text)
    __aeabi_memcpy                           0x1a000219   Thumb Code    36  memcpya.o(.text)
    __aeabi_memcpy4                          0x1a000219   Thumb Code     0  memcpya.o(.text)
    __aeabi_memcpy8                          0x1a000219   Thumb Code     0  memcpya.o(.text)
    __scatterload                            0x1a00023d   Thumb Code    28  init.o(.text)
    __scatterload_rt2                        0x1a00023d   Thumb Code     0  init.o(.text)
    CGU_EntityConnect                        0x1a000261   Thumb Code   116  lpc43xx_cgu.o(i.CGU_EntityConnect)
    CGU_UpdateClock                          0x1a0002e1   Thumb Code   180  lpc43xx_cgu.o(i.CGU_UpdateClock)
    GPIO_SetDir                              0x1a0003a5   Thumb Code    36  lpc43xx_gpio.o(i.GPIO_SetDir)
    GPIO_SetValue                            0x1a0003cd   Thumb Code     8  lpc43xx_gpio.o(i.GPIO_SetValue)
    GPIO_ToggleValue                         0x1a0003d9   Thumb Code     8  lpc43xx_gpio.o(i.GPIO_ToggleValue)
    GetClkSel                                0x1a0003e5   Thumb Code   168  system_lpc43xx.o(i.GetClkSel)
    GetClockFreq                             0x1a000495   Thumb Code   196  system_lpc43xx.o(i.GetClockFreq)
    GetPLL1Param                             0x1a000565   Thumb Code    68  system_lpc43xx.o(i.GetPLL1Param)
    SetClock                                 0x1a0005ad   Thumb Code   376  system_lpc43xx.o(i.SetClock)
    SysTick_Handler                          0x1a00074d   Thumb Code    48  port.o(i.SysTick_Handler)
    SystemCoreClockUpdate                    0x1a000781   Thumb Code    22  system_lpc43xx.o(i.SystemCoreClockUpdate)
    SystemInit                               0x1a0007a1   Thumb Code    40  system_lpc43xx.o(i.SystemInit)
    SystemInit_ExtMemCtl                     0x1a0007d1   Thumb Code   260  system_lpc43xx.o(i.SystemInit_ExtMemCtl)
    __scatterload_copy                       0x1a0008fd   Thumb Code    14  handlers.o(i.__scatterload_copy)
    __scatterload_null                       0x1a00090b   Thumb Code     2  handlers.o(i.__scatterload_null)
    __scatterload_zeroinit                   0x1a00090d   Thumb Code    14  handlers.o(i.__scatterload_zeroinit)
    main                                     0x1a00091b   Thumb Code    16  mainm4.o(i.main)
    pvPortMalloc                             0x1a0011ed   Thumb Code   166  heap_2.o(i.pvPortMalloc)
    pxPortInitialiseStack                    0x1a0012a5   Thumb Code    34  port.o(i.pxPortInitialiseStack)
    scu_pinmux                               0x1a0012cd   Thumb Code    30  lpc43xx_scu.o(i.scu_pinmux)
    uxListRemove                             0x1a0012f1   Thumb Code    40  list.o(i.uxListRemove)
    vListInitialise                          0x1a001319   Thumb Code    26  list.o(i.vListInitialise)
    vListInitialiseItem                      0x1a001333   Thumb Code     6  list.o(i.vListInitialiseItem)
    vListInsert                              0x1a001339   Thumb Code    52  list.o(i.vListInsert)
    vListInsertEnd                           0x1a00136d   Thumb Code    24  list.o(i.vListInsertEnd)
    vPortEnterCritical                       0x1a001385   Thumb Code    76  port.o(i.vPortEnterCritical)
    vPortExitCritical                        0x1a0013d9   Thumb Code    56  port.o(i.vPortExitCritical)
    vPortFree                                0x1a001415   Thumb Code    56  heap_2.o(i.vPortFree)
    vPortSetupTimerInterrupt                 0x1a001455   Thumb Code    14  port.o(i.vPortSetupTimerInterrupt)
    vPortValidateInterruptPriority           0x1a001469   Thumb Code   106  port.o(i.vPortValidateInterruptPriority)
    vQueueAddToRegistry                      0x1a0014e1   Thumb Code    38  queue.o(i.vQueueAddToRegistry)
    vQueueWaitForMessageRestricted           0x1a00150d   Thumb Code    74  queue.o(i.vQueueWaitForMessageRestricted)
    vSetupIO                                 0x1a001559   Thumb Code    54  utils.o(i.vSetupIO)
    vSetupRtos                               0x1a001595   Thumb Code    44  utils.o(i.vSetupRtos)
    vTaskDelay                               0x1a0015dd   Thumb Code    82  tasks.o(i.vTaskDelay)
    vTaskDelayUntil                          0x1a001639   Thumb Code   200  tasks.o(i.vTaskDelayUntil)
    vTaskHeartBeat                           0x1a00170d   Thumb Code    22  rtos.o(i.vTaskHeartBeat)
    vTaskInternalSetTimeOutState             0x1a001729   Thumb Code    14  tasks.o(i.vTaskInternalSetTimeOutState)
    vTaskMissedYield                         0x1a001741   Thumb Code     8  tasks.o(i.vTaskMissedYield)
    vTaskPlaceOnEventList                    0x1a00174d   Thumb Code    52  tasks.o(i.vTaskPlaceOnEventList)
    vTaskPlaceOnEventListRestricted          0x1a001785   Thumb Code    60  tasks.o(i.vTaskPlaceOnEventListRestricted)
    vTaskPoll                                0x1a0017c5   Thumb Code    20  rtos.o(i.vTaskPoll)
    vTaskStartScheduler                      0x1a0017d9   Thumb Code   118  tasks.o(i.vTaskStartScheduler)
    vTaskSuspendAll                          0x1a00186d   Thumb Code    12  tasks.o(i.vTaskSuspendAll)
    vTaskSwitchContext                       0x1a00187d   Thumb Code   118  tasks.o(i.vTaskSwitchContext)
    xPortStartScheduler                      0x1a001909   Thumb Code   156  port.o(i.xPortStartScheduler)
    xQueueGenericCreate                      0x1a0019bd   Thumb Code    90  queue.o(i.xQueueGenericCreate)
    xQueueGenericReset                       0x1a001a19   Thumb Code   146  queue.o(i.xQueueGenericReset)
    xQueueGenericSend                        0x1a001ab1   Thumb Code   420  queue.o(i.xQueueGenericSend)
    xQueueGenericSendFromISR                 0x1a001c59   Thumb Code   248  queue.o(i.xQueueGenericSendFromISR)
    xQueueReceive                            0x1a001d51   Thumb Code   356  queue.o(i.xQueueReceive)
    xTaskCheckForTimeOut                     0x1a001eb9   Thumb Code   132  tasks.o(i.xTaskCheckForTimeOut)
    xTaskCreate                              0x1a001f45   Thumb Code    96  tasks.o(i.xTaskCreate)
    xTaskGetSchedulerState                   0x1a001fa5   Thumb Code    24  tasks.o(i.xTaskGetSchedulerState)
    xTaskGetTickCount                        0x1a001fc5   Thumb Code     6  tasks.o(i.xTaskGetTickCount)
    xTaskIncrementTick                       0x1a001fd1   Thumb Code   282  tasks.o(i.xTaskIncrementTick)
    xTaskPriorityDisinherit                  0x1a002119   Thumb Code   188  tasks.o(i.xTaskPriorityDisinherit)
    xTaskRemoveFromEventList                 0x1a0021e1   Thumb Code   128  tasks.o(i.xTaskRemoveFromEventList)
    xTaskResumeAll                           0x1a002279   Thumb Code   224  tasks.o(i.xTaskResumeAll)
    xTimerCreateTimerTask                    0x1a00237d   Thumb Code    66  timers.o(i.xTimerCreateTimerTask)
    xTimerGenericCommand                     0x1a0023d5   Thumb Code   126  timers.o(i.xTimerGenericCommand)
    emcdivby2_opc                            0x1a002458   Data          20  system_lpc43xx.o(.constdata)
    CGU_Entity_ControlReg_Offset             0x1a00246c   Data          90  lpc43xx_cgu.o(.constdata)
    CGU_ConnectAlloc_Tbl                     0x1a0024c6   Data         765  lpc43xx_cgu.o(.constdata)
    CGU_PERIPHERAL_Info                      0x1a0027c4   Data         390  lpc43xx_cgu.o(.constdata)
    Region$$Table$$Base                      0x1a00294c   Number         0  anon$$obj.o(Region$$Table)
    Region$$Table$$Limit                     0x1a00297c   Number         0  anon$$obj.o(Region$$Table)



==============================================================================

Memory Map of the image

  Image Entry point : 0x1a000115

  Load Region LR_IROM1 (Base: 0x1a000000, Size: 0x00002a3c, Max: 0x00080000, ABSOLUTE)

    Execution Region RW_IRAM1 (Base: 0x10000000, Size: 0x00000630, Max: 0x00008000, ABSOLUTE)

    Base Addr    Size         Type   Attr      Idx    E Section Name        Object

    0x10000000   0x00000004   Data   RW           19    .data               system_lpc43xx.o
    0x10000004   0x00000018   Data   RW          248    .data               heap_2.o
    0x1000001c   0x0000000c   Data   RW          336    .data               port.o
    0x10000028   0x0000003c   Data   RW          650    .data               tasks.o
    0x10000064   0x00000014   Data   RW          936    .data               timers.o
    0x10000078   0x00000002   Data   RW         1092    .data               rtos.o
    0x1000007a   0x00000002   PAD
    0x1000007c   0x00000044   Data   RW         1156    .data               lpc43xx_cgu.o
    0x100000c0   0x00000040   Zero   RW          427    .bss                queue.o
    0x10000100   0x00000104   Zero   RW          649    .bss                tasks.o
    0x10000204   0x00000028   Zero   RW          935    .bss                timers.o
    0x1000022c   0x00000004   PAD
    0x10000230   0x00000400   Zero   RW            1    STACK               startup_lpc43xx.o


    Execution Region ER_IROM1 (Base: 0x1a000000, Size: 0x0000297c, Max: 0x00080000, ABSOLUTE)

    Base Addr    Size         Type   Attr      Idx    E Section Name        Object

    0x1a000000   0x00000114   Data   RO            3    RESET               startup_lpc43xx.o
    0x1a000114   0x00000000   Code   RO         1377  * .ARM.Collect$$$$00000000  mc_w.l(entry.o)
    0x1a000114   0x00000004   Code   RO         1384    .ARM.Collect$$$$00000001  mc_w.l(entry2.o)
    0x1a000118   0x00000004   Code   RO         1387    .ARM.Collect$$$$00000004  mc_w.l(entry5.o)
    0x1a00011c   0x00000000   Code   RO         1389    .ARM.Collect$$$$00000008  mc_w.l(entry7b.o)
    0x1a00011c   0x00000000   Code   RO         1391    .ARM.Collect$$$$0000000A  mc_w.l(entry8b.o)
    0x1a00011c   0x00000008   Code   RO         1392    .ARM.Collect$$$$0000000B  mc_w.l(entry9a.o)
    0x1a000124   0x00000000   Code   RO         1394    .ARM.Collect$$$$0000000D  mc_w.l(entry10a.o)
    0x1a000124   0x00000000   Code   RO         1396    .ARM.Collect$$$$0000000F  mc_w.l(entry11a.o)
    0x1a000124   0x00000004   Code   RO         1385    .ARM.Collect$$$$00002712  mc_w.l(entry2.o)
    0x1a000128   0x000000c2   Code   RO          326    .emb_text           port.o
    0x1a0001ea   0x00000002   PAD
    0x1a0001ec   0x0000002c   Code   RO            4    .text               startup_lpc43xx.o
    0x1a000218   0x00000024   Code   RO         1380    .text               mc_w.l(memcpya.o)
    0x1a00023c   0x00000024   Code   RO         1398    .text               mc_w.l(init.o)
    0x1a000260   0x00000080   Code   RO         1143    i.CGU_EntityConnect  lpc43xx_cgu.o
    0x1a0002e0   0x000000c4   Code   RO         1154    i.CGU_UpdateClock   lpc43xx_cgu.o
    0x1a0003a4   0x00000028   Code   RO         1296    i.GPIO_SetDir       lpc43xx_gpio.o
    0x1a0003cc   0x0000000c   Code   RO         1297    i.GPIO_SetValue     lpc43xx_gpio.o
    0x1a0003d8   0x0000000c   Code   RO         1298    i.GPIO_ToggleValue  lpc43xx_gpio.o
    0x1a0003e4   0x000000b0   Code   RO           11    i.GetClkSel         system_lpc43xx.o
    0x1a000494   0x000000d0   Code   RO           12    i.GetClockFreq      system_lpc43xx.o
    0x1a000564   0x00000048   Code   RO           63    i.GetPLL1Param      system_lpc43xx.o
    0x1a0005ac   0x000001a0   Code   RO           14    i.SetClock          system_lpc43xx.o
    0x1a00074c   0x00000034   Code   RO          327    i.SysTick_Handler   port.o
    0x1a000780   0x00000020   Code   RO           15    i.SystemCoreClockUpdate  system_lpc43xx.o
    0x1a0007a0   0x00000030   Code   RO           16    i.SystemInit        system_lpc43xx.o
    0x1a0007d0   0x0000012c   Code   RO           17    i.SystemInit_ExtMemCtl  system_lpc43xx.o
    0x1a0008fc   0x0000000e   Code   RO         1402    i.__scatterload_copy  mc_w.l(handlers.o)
    0x1a00090a   0x00000002   Code   RO         1403    i.__scatterload_null  mc_w.l(handlers.o)
    0x1a00090c   0x0000000e   Code   RO         1404    i.__scatterload_zeroinit  mc_w.l(handlers.o)
    0x1a00091a   0x00000010   Code   RO         1056    i.main              mainm4.o
    0x1a00092a   0x00000002   PAD
    0x1a00092c   0x00000098   Code   RO          599    i.prvAddCurrentTaskToDelayedList  tasks.o
    0x1a0009c4   0x000000b4   Code   RO          600    i.prvAddNewTaskToReadyList  tasks.o
    0x1a000a78   0x00000064   Code   RO          916    i.prvCheckForValidListAndQueue  timers.o
    0x1a000adc   0x00000048   Code   RO          601    i.prvCheckTasksWaitingTermination  tasks.o
    0x1a000b24   0x0000002a   Code   RO          396    i.prvCopyDataFromQueue  queue.o
    0x1a000b4e   0x0000007e   Code   RO          397    i.prvCopyDataToQueue  queue.o
    0x1a000bcc   0x00000012   Code   RO          602    i.prvDeleteTCB      tasks.o
    0x1a000bde   0x00000002   PAD
    0x1a000be0   0x00000028   Code   RO          917    i.prvGetNextExpireTime  timers.o
    0x1a000c08   0x00000038   Code   RO          242    i.prvHeapInit       heap_2.o
    0x1a000c40   0x00000028   Code   RO          603    i.prvIdleTask       tasks.o
    0x1a000c68   0x00000026   Code   RO          400    i.prvInitialiseNewQueue  queue.o
    0x1a000c8e   0x000000c2   Code   RO          604    i.prvInitialiseNewTask  tasks.o
    0x1a000d50   0x00000068   Code   RO          605    i.prvInitialiseTaskLists  tasks.o
    0x1a000db8   0x00000058   Code   RO          919    i.prvInsertTimerInActiveList  timers.o
    0x1a000e10   0x0000001a   Code   RO          401    i.prvIsQueueEmpty   queue.o
    0x1a000e2a   0x0000001e   Code   RO          402    i.prvIsQueueFull    queue.o
    0x1a000e48   0x00000064   Code   RO          920    i.prvProcessExpiredTimer  timers.o
    0x1a000eac   0x000000f4   Code   RO          921    i.prvProcessReceivedCommands  timers.o
    0x1a000fa0   0x00000074   Code   RO          922    i.prvProcessTimerOrBlockTask  timers.o
    0x1a001014   0x00000034   Code   RO          606    i.prvResetNextTaskUnblockTime  tasks.o
    0x1a001048   0x0000002c   Code   RO          923    i.prvSampleTimeNow  timers.o
    0x1a001074   0x000000a0   Code   RO          924    i.prvSwitchTimerLists  timers.o
    0x1a001114   0x00000040   Code   RO          328    i.prvTaskExitError  port.o
    0x1a001154   0x0000001a   Code   RO          925    i.prvTimerTask      timers.o
    0x1a00116e   0x0000007e   Code   RO          403    i.prvUnlockQueue    queue.o
    0x1a0011ec   0x000000b8   Code   RO          243    i.pvPortMalloc      heap_2.o
    0x1a0012a4   0x00000028   Code   RO          329    i.pxPortInitialiseStack  port.o
    0x1a0012cc   0x00000024   Code   RO         1362    i.scu_pinmux        lpc43xx_scu.o
    0x1a0012f0   0x00000028   Code   RO          287    i.uxListRemove      list.o
    0x1a001318   0x0000001a   Code   RO          288    i.vListInitialise   list.o
    0x1a001332   0x00000006   Code   RO          289    i.vListInitialiseItem  list.o
    0x1a001338   0x00000034   Code   RO          290    i.vListInsert       list.o
    0x1a00136c   0x00000018   Code   RO          291    i.vListInsertEnd    list.o
    0x1a001384   0x00000054   Code   RO          331    i.vPortEnterCritical  port.o
    0x1a0013d8   0x0000003c   Code   RO          332    i.vPortExitCritical  port.o
    0x1a001414   0x00000040   Code   RO          244    i.vPortFree         heap_2.o
    0x1a001454   0x00000014   Code   RO          333    i.vPortSetupTimerInterrupt  port.o
    0x1a001468   0x00000078   Code   RO          334    i.vPortValidateInterruptPriority  port.o
    0x1a0014e0   0x0000002c   Code   RO          407    i.vQueueAddToRegistry  queue.o
    0x1a00150c   0x0000004a   Code   RO          410    i.vQueueWaitForMessageRestricted  queue.o
    0x1a001556   0x00000002   PAD
    0x1a001558   0x0000003c   Code   RO         1119    i.vSetupIO          utils.o
    0x1a001594   0x00000048   Code   RO         1120    i.vSetupRtos        utils.o
    0x1a0015dc   0x0000005c   Code   RO          614    i.vTaskDelay        tasks.o
    0x1a001638   0x000000d4   Code   RO          615    i.vTaskDelayUntil   tasks.o
    0x1a00170c   0x0000001c   Code   RO         1090    i.vTaskHeartBeat    rtos.o
    0x1a001728   0x00000018   Code   RO          618    i.vTaskInternalSetTimeOutState  tasks.o
    0x1a001740   0x0000000c   Code   RO          619    i.vTaskMissedYield  tasks.o
    0x1a00174c   0x00000038   Code   RO          621    i.vTaskPlaceOnEventList  tasks.o
    0x1a001784   0x00000040   Code   RO          622    i.vTaskPlaceOnEventListRestricted  tasks.o
    0x1a0017c4   0x00000014   Code   RO         1091    i.vTaskPoll         rtos.o
    0x1a0017d8   0x00000094   Code   RO          629    i.vTaskStartScheduler  tasks.o
    0x1a00186c   0x00000010   Code   RO          631    i.vTaskSuspendAll   tasks.o
    0x1a00187c   0x0000008c   Code   RO          632    i.vTaskSwitchContext  tasks.o
    0x1a001908   0x000000b4   Code   RO          335    i.xPortStartScheduler  port.o
    0x1a0019bc   0x0000005a   Code   RO          413    i.xQueueGenericCreate  queue.o
    0x1a001a16   0x00000002   PAD
    0x1a001a18   0x00000098   Code   RO          414    i.xQueueGenericReset  queue.o
    0x1a001ab0   0x000001a8   Code   RO          415    i.xQueueGenericSend  queue.o
    0x1a001c58   0x000000f8   Code   RO          416    i.xQueueGenericSendFromISR  queue.o
    0x1a001d50   0x00000168   Code   RO          423    i.xQueueReceive     queue.o
    0x1a001eb8   0x0000008c   Code   RO          633    i.xTaskCheckForTimeOut  tasks.o
    0x1a001f44   0x00000060   Code   RO          634    i.xTaskCreate       tasks.o
    0x1a001fa4   0x00000020   Code   RO          638    i.xTaskGetSchedulerState  tasks.o
    0x1a001fc4   0x0000000c   Code   RO          639    i.xTaskGetTickCount  tasks.o
    0x1a001fd0   0x00000148   Code   RO          641    i.xTaskIncrementTick  tasks.o
    0x1a002118   0x000000c8   Code   RO          644    i.xTaskPriorityDisinherit  tasks.o
    0x1a0021e0   0x00000098   Code   RO          646    i.xTaskRemoveFromEventList  tasks.o
    0x1a002278   0x00000104   Code   RO          647    i.xTaskResumeAll    tasks.o
    0x1a00237c   0x00000058   Code   RO          929    i.xTimerCreateTimerTask  timers.o
    0x1a0023d4   0x00000084   Code   RO          930    i.xTimerGenericCommand  timers.o
    0x1a002458   0x00000014   Data   RO           18    .constdata          system_lpc43xx.o
    0x1a00246c   0x000004de   Data   RO         1155    .constdata          lpc43xx_cgu.o
    0x1a00294a   0x00000002   PAD
    0x1a00294c   0x00000030   Data   RO         1400    Region$$Table       anon$$obj.o


    Execution Region RW_IRAM2 (Base: 0x20000000, Size: 0x0000a000, Max: 0x00010000, ABSOLUTE)

    Base Addr    Size         Type   Attr      Idx    E Section Name        Object

    0x20000000   0x0000a000   Zero   RW          247    .bss                heap_2.o


==============================================================================

Image component sizes


      Code (inc. data)   RO Data    RW Data    ZI Data      Debug   Object Name

         0          0          0          0          0       7128   croutine.o
         0          0          0          0          0       9244   event_groups.o
       304         40          0         24      40960       3395   heap_2.o
       148          0          0          0          0       3106   list.o
       324         28       1246         68          0       3047   lpc43xx_cgu.o
        64         12          0          0          0       1665   lpc43xx_gpio.o
        36          6          0          0          0       1033   lpc43xx_scu.o
        16          0          0          0          0       3351   mainm4.o
       814         86          0         12          0       8181   port.o
      1780         20          0          0         64      15418   queue.o
        48          6          0          2          0        965   rtos.o
        44         10        276          0       1024        976   startup_lpc43xx.o
      1252        158         20          4          0      11969   system_lpc43xx.o
      2796        362          0         60        260      24612   tasks.o
      1138        116          0         20         40      21643   timers.o
       132         34          0          0          0        876   utils.o

    ----------------------------------------------------------------------
      8906        878       1592        192      42352     116609   Object Totals
         0          0         48          0          0          0   (incl. Generated)
        10          0          2          2          4          0   (incl. Padding)

    ----------------------------------------------------------------------

      Code (inc. data)   RO Data    RW Data    ZI Data      Debug   Library Member Name

         0          0          0          0          0          0   entry.o
         0          0          0          0          0          0   entry10a.o
         0          0          0          0          0          0   entry11a.o
         8          4          0          0          0          0   entry2.o
         4          0          0          0          0          0   entry5.o
         0          0          0          0          0          0   entry7b.o
         0          0          0          0          0          0   entry8b.o
         8          4          0          0          0          0   entry9a.o
        30          0          0          0          0          0   handlers.o
        36          8          0          0          0         68   init.o
        36          0          0          0          0         68   memcpya.o

    ----------------------------------------------------------------------
       122         16          0          0          0        136   Library Totals
         0          0          0          0          0          0   (incl. Padding)

    ----------------------------------------------------------------------

      Code (inc. data)   RO Data    RW Data    ZI Data      Debug   Library Name

       122         16          0          0          0        136   mc_w.l

    ----------------------------------------------------------------------
       122         16          0          0          0        136   Library Totals

    ----------------------------------------------------------------------

==============================================================================


      Code (inc. data)   RO Data    RW Data    ZI Data      Debug   

      9028        894       1592        192      42352     108949   Grand Totals
      9028        894       1592        192      42352     108949   ELF Image Totals
      9028        894       1592        192          0          0   ROM Totals

==============================================================================

    Total RO  Size (Code + RO Data)                10620 (  10.37kB)
    Total RW  Size (RW Data + ZI Data)             42544 (  41.55kB)
    Total ROM Size (Code + RO Data + RW Data)      10812 (  10.56kB)

==============================================================================

