<html>
<body>
<pre>
<h1>µVision Build Log</h1>
<h2>Tool Versions:</h2>
IDE-Version: µVision V5.23.0.0
Copyright (C) 2017 ARM Ltd and ARM Germany GmbH. All rights reserved.
License Information: . ., ., LIC=UB4HL-0JISQ-LVM1I-T3E66-DGA9Z-9C7WH
 
Tool Versions:
Toolchain:       MDK-ARM Professional  Version: 5.23
Toolchain Path:  C:\Keil_v5\ARM\ARMCC\Bin
C Compiler:      Armcc.exe V5.06 update 4 (build 422)
Assembler:       Armasm.exe V5.06 update 4 (build 422)
Linker/Locator:  ArmLink.exe V5.06 update 4 (build 422)
Library Manager: ArmAr.exe V5.06 update 4 (build 422)
Hex Converter:   FromElf.exe V5.06 update 4 (build 422)
CPU DLL:         SARMCM3.DLL V5.23
Dialog DLL:      DCM.DLL V1.15.0.0
Target DLL:      UL2CM3.DLL V1.159.7.0
Dialog DLL:      TCM.DLL V1.27.0.0
 
<h2>Project:</h2>
C:\Keil_v5\Projects\PC2118\Keil\M4.uvprojx
Project File Date:  01/17/2019

<h2>Output:</h2>
*** Using Compiler 'V5.06 update 4 (build 422)', folder: 'C:\Keil_v5\ARM\ARMCC\Bin'
Rebuild target 'LPC4337_M4_IntFlash'
assembling startup_LPC43xx.s...
compiling croutine.c...
compiling system_LPC43xx.c...
compiling event_groups.c...
compiling heap_2.c...
compiling list.c...
compiling port.c...
compiling timers.c...
compiling queue.c...
compiling tasks.c...
compiling mainM4.c...
compiling rtos.c...
compiling utils.c...
compiling lpc43xx_emc.c...
compiling lpc43xx_cgu.c...
compiling lpc43xx_gpio.c...
compiling lpc43xx_scu.c...
linking...
Program Size: Code=9028 RO-data=1592 RW-data=192 ZI-data=42352  
After Build - User command #1: C:\Keil_v5\/ARM/BIN/ElfDwT.exe .\Objects\M4.axf BASEADDRESS(0x1A000000)
ELFDWT - Signature Creator V1.2.0.0
COPYRIGHT Copyright (C) 2014-2016, ARM Ldt. and  ARM Germany GmbH
*** Updated Signature over Range[32] (0x1A000000 - 0x1A000018): @0x1A00001C = 0x53FFEE06
*** Processing completed, no Errors.
".\Objects\M4.axf" - 0 Error(s), 0 Warning(s).

<h2>Collection of Component include folders:</h2>
  .\RTE\_LPC4337_M4_IntFlash
  C:\Keil_v5\ARM\PACK\Keil\LPC4300_DFP\2.7.0\Device\Include

<h2>Collection of Component Files used:</h2>
Build Time Elapsed:  00:00:03
</pre>
</body>
</html>
